Archive member included because of file (symbol)

c:/program files (x86)/atollic/truestudio for arm lite 4.0.1/armtools/bin/../lib/gcc/arm-atollic-eabi/4.7.3/../../../../arm-atollic-eabi/lib/armv7e-m/fpu\libc_s.a(lib_a-init.o)
                              src\startup_stm32f40xx.o (__libc_init_array)
c:/program files (x86)/atollic/truestudio for arm lite 4.0.1/armtools/bin/../lib/gcc/arm-atollic-eabi/4.7.3/../../../../arm-atollic-eabi/lib/armv7e-m/fpu\libc_s.a(lib_a-strlen.o)
                              src\tiny_printf.o (strlen)
c:/program files (x86)/atollic/truestudio for arm lite 4.0.1/armtools/bin/../lib/gcc/arm-atollic-eabi/4.7.3/../../../../arm-atollic-eabi/lib/armv7e-m/fpu\libc_s.a(lib_a-syscalls.o)
                              src\tiny_printf.o (_write)
c:/program files (x86)/atollic/truestudio for arm lite 4.0.1/armtools/bin/../lib/gcc/arm-atollic-eabi/4.7.3/../../../../arm-atollic-eabi/lib/armv7e-m/fpu\libc_s.a(lib_a-reent.o)
                              c:/program files (x86)/atollic/truestudio for arm lite 4.0.1/armtools/bin/../lib/gcc/arm-atollic-eabi/4.7.3/../../../../arm-atollic-eabi/lib/armv7e-m/fpu\libc_s.a(lib_a-syscalls.o) (errno)
c:/program files (x86)/atollic/truestudio for arm lite 4.0.1/armtools/bin/../lib/gcc/arm-atollic-eabi/4.7.3/../../../../arm-atollic-eabi/lib/armv7e-m/fpu\libc_s.a(lib_a-freer.o)
                              c:/program files (x86)/atollic/truestudio for arm lite 4.0.1/armtools/bin/../lib/gcc/arm-atollic-eabi/4.7.3/../../../../arm-atollic-eabi/lib/armv7e-m/fpu\libc_s.a(lib_a-reent.o) (_free_r)
c:/program files (x86)/atollic/truestudio for arm lite 4.0.1/armtools/bin/../lib/gcc/arm-atollic-eabi/4.7.3/../../../../arm-atollic-eabi/lib/armv7e-m/fpu\libc_s.a(lib_a-impure.o)
                              c:/program files (x86)/atollic/truestudio for arm lite 4.0.1/armtools/bin/../lib/gcc/arm-atollic-eabi/4.7.3/../../../../arm-atollic-eabi/lib/armv7e-m/fpu\libc_s.a(lib_a-reent.o) (_impure_ptr)
c:/program files (x86)/atollic/truestudio for arm lite 4.0.1/armtools/bin/../lib/gcc/arm-atollic-eabi/4.7.3/../../../../arm-atollic-eabi/lib/armv7e-m/fpu\libc_s.a(lib_a-mallocr.o)
                              c:/program files (x86)/atollic/truestudio for arm lite 4.0.1/armtools/bin/../lib/gcc/arm-atollic-eabi/4.7.3/../../../../arm-atollic-eabi/lib/armv7e-m/fpu\libc_s.a(lib_a-freer.o) (__malloc_free_list)
c:/program files (x86)/atollic/truestudio for arm lite 4.0.1/armtools/bin/../lib/gcc/arm-atollic-eabi/4.7.3/../../../../arm-atollic-eabi/lib/armv7e-m/fpu\libc_s.a(lib_a-sbrkr.o)
                              c:/program files (x86)/atollic/truestudio for arm lite 4.0.1/armtools/bin/../lib/gcc/arm-atollic-eabi/4.7.3/../../../../arm-atollic-eabi/lib/armv7e-m/fpu\libc_s.a(lib_a-mallocr.o) (_sbrk_r)

Allocating common symbols
Common symbol       size              file

CurrentPos          0x4               Utilities\STM32F4-Discovery\stm32f4_discovery_audio_codec.o
errno               0x4               c:/program files (x86)/atollic/truestudio for arm lite 4.0.1/armtools/bin/../lib/gcc/arm-atollic-eabi/4.7.3/../../../../arm-atollic-eabi/lib/armv7e-m/fpu\libc_s.a(lib_a-reent.o)
priv_receivedData   0x32              src\Vision.o
pDLValueU16         0x8               src\DataLayerConfig.o
pbValidFlags        0x4               src\DataLayer.o
priv_objects        0x50              src\Vision.o
AUDIO_MAL_DMA_InitStructure
                    0x3c              Utilities\STM32F4-Discovery\stm32f4_discovery_audio_codec.o
NVIC_InitStructure  0x4               Utilities\STM32F4-Discovery\stm32f4_discovery.o
DMA_InitStructure   0x3c              Utilities\STM32F4-Discovery\stm32f4_discovery_audio_codec.o

Discarded input sections

 .text          0x00000000        0x0 c:/program files (x86)/atollic/truestudio for arm lite 4.0.1/armtools/bin/../lib/gcc/arm-atollic-eabi/4.7.3/armv7e-m/fpu/crti.o
 .data          0x00000000        0x0 c:/program files (x86)/atollic/truestudio for arm lite 4.0.1/armtools/bin/../lib/gcc/arm-atollic-eabi/4.7.3/armv7e-m/fpu/crti.o
 .bss           0x00000000        0x0 c:/program files (x86)/atollic/truestudio for arm lite 4.0.1/armtools/bin/../lib/gcc/arm-atollic-eabi/4.7.3/armv7e-m/fpu/crti.o
 .data          0x00000000        0x4 c:/program files (x86)/atollic/truestudio for arm lite 4.0.1/armtools/bin/../lib/gcc/arm-atollic-eabi/4.7.3/armv7e-m/fpu/crtbegin.o
 .text          0x00000000        0x0 src\tiny_printf.o
 .data          0x00000000        0x0 src\tiny_printf.o
 .bss           0x00000000        0x0 src\tiny_printf.o
 .text.ts_itoa  0x00000000       0x9c src\tiny_printf.o
 .text.ts_formatstring
                0x00000000      0x164 src\tiny_printf.o
 .text.ts_formatlength
                0x00000000      0x158 src\tiny_printf.o
 .text.siprintf
                0x00000000       0x30 src\tiny_printf.o
 .text.fiprintf
                0x00000000       0xb4 src\tiny_printf.o
[...]
Memory Configuration

Name             Origin             Length             Attributes
FLASH            0x08000000         0x00100000         xr
RAM              0x20000000         0x00020000         xrw
MEMORY_B1        0x60000000         0x00000000         xr
CCMRAM           0x10000000         0x00010000         rw
*default*        0x00000000         0xffffffff

Linker script and memory map

LOAD c:/program files (x86)/atollic/truestudio for arm lite 4.0.1/armtools/bin/../lib/gcc/arm-atollic-eabi/4.7.3/armv7e-m/fpu/crti.o
LOAD c:/program files (x86)/atollic/truestudio for arm lite 4.0.1/armtools/bin/../lib/gcc/arm-atollic-eabi/4.7.3/armv7e-m/fpu/crtbegin.o
LOAD src\tiny_printf.o
LOAD src\system_stm32f4xx.o
LOAD src\stm32f4xx_it.o
LOAD src\startup_stm32f40xx.o
LOAD src\main.o
LOAD src\Vision.o
LOAD src\Typedef.o
LOAD src\TaskHandler.o
LOAD src\PacketHandler.o
LOAD src\PacketConfig.o
LOAD src\InterfaceHandler.o
LOAD src\InterfaceConfig.o
LOAD src\GPIO.o
LOAD src\DataLayerConfig.o
LOAD src\DataLayer.o
LOAD src\CAN.o
LOAD Utilities\STM32F4-Discovery\stm32f4_discovery_lis302dl.o
LOAD Utilities\STM32F4-Discovery\stm32f4_discovery_audio_codec.o
LOAD Utilities\STM32F4-Discovery\stm32f4_discovery.o
LOAD Libraries\STM32F4xx_StdPeriph_Driver\src\stm32f4xx_wwdg.o
LOAD Libraries\STM32F4xx_StdPeriph_Driver\src\stm32f4xx_usart.o
LOAD Libraries\STM32F4xx_StdPeriph_Driver\src\stm32f4xx_tim.o
LOAD Libraries\STM32F4xx_StdPeriph_Driver\src\stm32f4xx_syscfg.o
LOAD Libraries\STM32F4xx_StdPeriph_Driver\src\stm32f4xx_spi.o
LOAD Libraries\STM32F4xx_StdPeriph_Driver\src\stm32f4xx_sdio.o
LOAD Libraries\STM32F4xx_StdPeriph_Driver\src\stm32f4xx_rtc.o
LOAD Libraries\STM32F4xx_StdPeriph_Driver\src\stm32f4xx_rng.o
LOAD Libraries\STM32F4xx_StdPeriph_Driver\src\stm32f4xx_rcc.o
LOAD Libraries\STM32F4xx_StdPeriph_Driver\src\stm32f4xx_pwr.o
LOAD Libraries\STM32F4xx_StdPeriph_Driver\src\stm32f4xx_iwdg.o
LOAD Libraries\STM32F4xx_StdPeriph_Driver\src\stm32f4xx_i2c.o
LOAD Libraries\STM32F4xx_StdPeriph_Driver\src\stm32f4xx_hash_sha1.o
LOAD Libraries\STM32F4xx_StdPeriph_Driver\src\stm32f4xx_hash_md5.o
LOAD Libraries\STM32F4xx_StdPeriph_Driver\src\stm32f4xx_hash.o
LOAD Libraries\STM32F4xx_StdPeriph_Driver\src\stm32f4xx_gpio.o
LOAD Libraries\STM32F4xx_StdPeriph_Driver\src\stm32f4xx_fsmc.o
LOAD Libraries\STM32F4xx_StdPeriph_Driver\src\stm32f4xx_flash.o
LOAD Libraries\STM32F4xx_StdPeriph_Driver\src\stm32f4xx_exti.o
LOAD Libraries\STM32F4xx_StdPeriph_Driver\src\stm32f4xx_dma.o
LOAD Libraries\STM32F4xx_StdPeriph_Driver\src\stm32f4xx_dcmi.o
LOAD Libraries\STM32F4xx_StdPeriph_Driver\src\stm32f4xx_dbgmcu.o
LOAD Libraries\STM32F4xx_StdPeriph_Driver\src\stm32f4xx_dac.o
LOAD Libraries\STM32F4xx_StdPeriph_Driver\src\stm32f4xx_cryp_tdes.o
LOAD Libraries\STM32F4xx_StdPeriph_Driver\src\stm32f4xx_cryp_des.o
LOAD Libraries\STM32F4xx_StdPeriph_Driver\src\stm32f4xx_cryp_aes.o
LOAD Libraries\STM32F4xx_StdPeriph_Driver\src\stm32f4xx_cryp.o
LOAD Libraries\STM32F4xx_StdPeriph_Driver\src\stm32f4xx_crc.o
LOAD Libraries\STM32F4xx_StdPeriph_Driver\src\stm32f4xx_can.o
LOAD Libraries\STM32F4xx_StdPeriph_Driver\src\stm32f4xx_adc.o
LOAD Libraries\STM32F4xx_StdPeriph_Driver\src\misc.o
START GROUP
LOAD c:/program files (x86)/atollic/truestudio for arm lite 4.0.1/armtools/bin/../lib/gcc/arm-atollic-eabi/4.7.3/../../../../arm-atollic-eabi/lib/armv7e-m/fpu\libc_s.a
LOAD c:/program files (x86)/atollic/truestudio for arm lite 4.0.1/armtools/bin/../lib/gcc/arm-atollic-eabi/4.7.3/../../../../arm-atollic-eabi/lib/armv7e-m/fpu\libm.a
END GROUP
                0x00001000                malloc_getpagesize_P = 0x1000
START GROUP
LOAD c:/program files (x86)/atollic/truestudio for arm lite 4.0.1/armtools/bin/../lib/gcc/arm-atollic-eabi/4.7.3/armv7e-m/fpu\libgcc.a
LOAD c:/program files (x86)/atollic/truestudio for arm lite 4.0.1/armtools/bin/../lib/gcc/arm-atollic-eabi/4.7.3/../../../../arm-atollic-eabi/lib/armv7e-m/fpu\libc.a
END GROUP
LOAD c:/program files (x86)/atollic/truestudio for arm lite 4.0.1/armtools/bin/../lib/gcc/arm-atollic-eabi/4.7.3/armv7e-m/fpu/crtend.o
LOAD c:/program files (x86)/atollic/truestudio for arm lite 4.0.1/armtools/bin/../lib/gcc/arm-atollic-eabi/4.7.3/armv7e-m/fpu/crtn.o
                0x20020000                _estack = 0x20020000
                0x00000000                _Min_Heap_Size = 0x0
                0x00000400                _Min_Stack_Size = 0x400

.isr_vector     0x08000000      0x188
                0x08000000                . = ALIGN (0x4)
 *(.isr_vector)
 .isr_vector    0x08000000      0x188 src\startup_stm32f40xx.o
                0x08000000                g_pfnVectors
                0x08000188                . = ALIGN (0x4)

.text           0x08000188     0x2554
                0x08000188                . = ALIGN (0x4)
 *(.text)
 .text          0x08000188       0x54 c:/program files (x86)/atollic/truestudio for arm lite 4.0.1/armtools/bin/../lib/gcc/arm-atollic-eabi/4.7.3/armv7e-m/fpu/crtbegin.o
 *(.text*)
 .text.SystemInit
                0x080001dc       0xb0 src\system_stm32f4xx.o
                0x080001dc                SystemInit
 .text.SetSysClock
                0x0800028c      0x188 src\system_stm32f4xx.o
 .text.NMI_Handler
                0x08000414        0xc src\stm32f4xx_it.o
                0x08000414                NMI_Handler
 .text.HardFault_Handler
                0x08000420        0x8 src\stm32f4xx_it.o
                0x08000420                HardFault_Handler
 .text.MemManage_Handler
                0x08000428        0x8 src\stm32f4xx_it.o
                0x08000428                MemManage_Handler
 .text.BusFault_Handler
                0x08000430        0x8 src\stm32f4xx_it.o
                0x08000430                BusFault_Handler
 .text.UsageFault_Handler
                0x08000438        0x8 src\stm32f4xx_it.o
                0x08000438                UsageFault_Handler
 .text.SVC_Handler
                0x08000440        0xc src\stm32f4xx_it.o
                0x08000440                SVC_Handler
 .text.DebugMon_Handler
                0x0800044c        0xc src\stm32f4xx_it.o
                0x0800044c                DebugMon_Handler
 .text.PendSV_Handler
                0x08000458        0xc src\stm32f4xx_it.o
                0x08000458                PendSV_Handler
 .text.SysTick_Handler
                0x08000464       0x48 src\stm32f4xx_it.o
                0x08000464                SysTick_Handler
 .text.Reset_Handler
                0x080004ac       0x58 src\startup_stm32f40xx.o
                0x080004ac                Reset_Handler
 .text.Default_Handler
                0x08000504        0x4 src\startup_stm32f40xx.o
                0x08000504                RTC_Alarm_IRQHandler
                0x08000504                HASH_RNG_IRQHandler
                0x08000504                EXTI2_IRQHandler
                0x08000504                TIM8_CC_IRQHandler
                0x08000504                TIM1_CC_IRQHandler
                0x08000504                DMA2_Stream5_IRQHandler
                0x08000504                DMA1_Stream5_IRQHandler
                0x08000504                PVD_IRQHandler
                0x08000504                SDIO_IRQHandler
                0x08000504                TAMP_STAMP_IRQHandler
                0x08000504                CAN2_RX1_IRQHandler
                0x08000504                EXTI3_IRQHandler
                0x08000504                TIM8_TRG_COM_TIM14_IRQHandler
                0x08000504                TIM1_UP_TIM10_IRQHandler
                0x08000504                TIM8_UP_TIM13_IRQHandler
                0x08000504                I2C3_ER_IRQHandler
                0x08000504                EXTI0_IRQHandler
                0x08000504                I2C2_EV_IRQHandler
                0x08000504                DMA1_Stream2_IRQHandler
                0x08000504                CAN1_RX0_IRQHandler
                0x08000504                FPU_IRQHandler
                0x08000504                OTG_HS_WKUP_IRQHandler
                0x08000504                CAN2_SCE_IRQHandler
                0x08000504                DMA2_Stream2_IRQHandler
                0x08000504                SPI1_IRQHandler
                0x08000504                TIM6_DAC_IRQHandler
                0x08000504                TIM1_BRK_TIM9_IRQHandler
                0x08000504                DCMI_IRQHandler
                0x08000504                CAN2_RX0_IRQHandler
                0x08000504                DMA2_Stream3_IRQHandler
                0x08000504                USART6_IRQHandler
                0x08000504                USART3_IRQHandler
                0x08000504                CRYP_IRQHandler
                0x08000504                CAN1_RX1_IRQHandler
                0x08000504                UART5_IRQHandler
                0x08000504                DMA2_Stream0_IRQHandler
                0x08000504                TIM4_IRQHandler
                0x08000504                I2C1_EV_IRQHandler
                0x08000504                DMA1_Stream6_IRQHandler
                0x08000504                DMA1_Stream1_IRQHandler
                0x08000504                UART4_IRQHandler
                0x08000504                TIM3_IRQHandler
                0x08000504                RCC_IRQHandler
                0x08000504                TIM8_BRK_TIM12_IRQHandler
                0x08000504                Default_Handler
                0x08000504                EXTI15_10_IRQHandler
                0x08000504                ADC_IRQHandler
                0x08000504                TIM7_IRQHandler
                0x08000504                CAN2_TX_IRQHandler
                0x08000504                TIM5_IRQHandler
                0x08000504                DMA2_Stream7_IRQHandler
                0x08000504                I2C3_EV_IRQHandler
                0x08000504                EXTI9_5_IRQHandler
                0x08000504                RTC_WKUP_IRQHandler
                0x08000504                ETH_WKUP_IRQHandler
                0x08000504                SPI2_IRQHandler
                0x08000504                OTG_HS_EP1_IN_IRQHandler
                0x08000504                CAN1_TX_IRQHandler
                0x08000504                EXTI4_IRQHandler
                0x08000504                FSMC_IRQHandler
                0x08000504                ETH_IRQHandler
                0x08000504                OTG_HS_EP1_OUT_IRQHandler
                0x08000504                WWDG_IRQHandler
                0x08000504                TIM2_IRQHandler
                0x08000504                OTG_FS_WKUP_IRQHandler
                0x08000504                TIM1_TRG_COM_TIM11_IRQHandler
                0x08000504                OTG_HS_IRQHandler
                0x08000504                EXTI1_IRQHandler
                0x08000504                USART2_IRQHandler
                0x08000504                I2C2_ER_IRQHandler
                0x08000504                DMA2_Stream1_IRQHandler
                0x08000504                CAN1_SCE_IRQHandler
                0x08000504                FLASH_IRQHandler
                0x08000504                DMA2_Stream4_IRQHandler
                0x08000504                USART1_IRQHandler
                0x08000504                OTG_FS_IRQHandler
                0x08000504                DMA1_Stream4_IRQHandler
                0x08000504                I2C1_ER_IRQHandler
                0x08000504                DMA2_Stream6_IRQHandler
                0x08000504                DMA1_Stream3_IRQHandler
 .text.main     0x08000508       0x14 src\main.o
                0x08000508                main
 .text.EVAL_AUDIO_TransferComplete_CallBack
                0x0800051c       0x18 src\main.o
                0x0800051c                EVAL_AUDIO_TransferComplete_CallBack
 .text.EVAL_AUDIO_GetSampleCallBack
                0x08000534       0x10 src\main.o
                0x08000534                EVAL_AUDIO_GetSampleCallBack
 .text.Vision_init
                0x08000544        0xc src\Vision.o
                0x08000544                Vision_init
 .text.driverInit
                0x08000550       0x10 src\Vision.o
                0x08000550                driverInit
 .text.nullifyObjects
                0x08000560       0x7c src\Vision.o
                0x08000560                nullifyObjects
 .text.driverIoInit
                0x080005dc       0x94 src\Vision.o
                0x080005dc                driverIoInit
 .text.driverAfInit
                0x08000670       0x70 src\Vision.o
                0x08000670                driverAfInit
 .text.driverStart
                0x080006e0       0x94 src\Vision.o
                0x080006e0                driverStart
 .text.driverReadAck
                0x08000774       0x40 src\Vision.o
                0x08000774                driverReadAck
 .text.driverReadNack
                0x080007b4       0x48 src\Vision.o
                0x080007b4                driverReadNack
 .text.findObjectsFromBuffer
                0x080007fc      0x34c src\Vision.o
                0x080007fc                findObjectsFromBuffer
 .text.Vision_TASK
                0x08000b48       0x7c src\Vision.o
                0x08000b48                Vision_TASK
 .text.NVIC_SetPriority
                0x08000bc4       0x5c src\TaskHandler.o
 .text.SysTick_Config
                0x08000c20       0x64 src\TaskHandler.o
 .text.TaskHandler_init
                0x08000c84       0x60 src\TaskHandler.o
                0x08000c84                TaskHandler_init
 .text.checkIfTimeForTask
                0x08000ce4       0x7c src\TaskHandler.o
                0x08000ce4                checkIfTimeForTask
 .text.TaskHandler_run
                0x08000d60       0xa4 src\TaskHandler.o
                0x08000d60                TaskHandler_run
 .text.InterfaceHandler_transmitData
                0x08000e04       0xdc src\InterfaceHandler.o
                0x08000e04                InterfaceHandler_transmitData
 .text.sendDataLayerDataToInterface
                0x08000ee0      0x2c8 src\InterfaceHandler.o
                0x08000ee0                sendDataLayerDataToInterface
 .text.getBitmaskForMessage
                0x080011a8       0x94 src\InterfaceHandler.o
                0x080011a8                getBitmaskForMessage
 .text.initalizeInterfaceMessage
                0x0800123c       0x50 src\InterfaceHandler.o
                0x0800123c                initalizeInterfaceMessage
 .text.GPIO_init
                0x0800128c       0x48 src\GPIO.o
                0x0800128c                GPIO_init
 .text.initOutput
                0x080012d4       0x9c src\GPIO.o
                0x080012d4                initOutput
 .text.GPIO_outputOn
                0x08001370       0x54 src\GPIO.o
                0x08001370                GPIO_outputOn
 .text.GPIO_outputOff
                0x080013c4       0x54 src\GPIO.o
                0x080013c4                GPIO_outputOff
 .text.GPIO_TASK_blinkLED
                0x08001418       0x44 src\GPIO.o
                0x08001418                GPIO_TASK_blinkLED
 .text.DL_getDataByComm
                0x0800145c       0x3c src\DataLayer.o
                0x0800145c                DL_getDataByComm
 .text.DL_getDataType
                0x08001498       0x24 src\DataLayer.o
                0x08001498                DL_getDataType
 .text.getDataAccordingToType
                0x080014bc      0x198 src\DataLayer.o
                0x080014bc                getDataAccordingToType
 .text.sendCANmessage
                0x08001654       0x78 src\CAN.o
                0x08001654                sendCANmessage
 .text.CAN_TASK
                0x080016cc       0x28 src\CAN.o
                0x080016cc                CAN_TASK
 .text.Audio_MAL_IRQHandler
                0x080016f4      0x180 Utilities\STM32F4-Discovery\stm32f4_discovery_audio_codec.o
 .text.DMA1_Stream7_IRQHandler
                0x08001874        0xc Utilities\STM32F4-Discovery\stm32f4_discovery_audio_codec.o
                0x08001874                DMA1_Stream7_IRQHandler
 .text.DMA1_Stream0_IRQHandler
                0x08001880        0xc Utilities\STM32F4-Discovery\stm32f4_discovery_audio_codec.o
                0x08001880                DMA1_Stream0_IRQHandler
 .text.SPI3_IRQHandler
                0x0800188c       0x50 Utilities\STM32F4-Discovery\stm32f4_discovery_audio_codec.o
                0x0800188c                SPI3_IRQHandler
 .text.SPI_I2S_SendData
                0x080018dc       0x1c Libraries\STM32F4xx_StdPeriph_Driver\src\stm32f4xx_spi.o
                0x080018dc                SPI_I2S_SendData
 .text.SPI_I2S_GetFlagStatus
                0x080018f8       0x40 Libraries\STM32F4xx_StdPeriph_Driver\src\stm32f4xx_spi.o
                0x080018f8                SPI_I2S_GetFlagStatus
 .text.RCC_GetClocksFreq
                0x08001938      0x1cc Libraries\STM32F4xx_StdPeriph_Driver\src\stm32f4xx_rcc.o
                0x08001938                RCC_GetClocksFreq
 .text.RCC_AHB1PeriphClockCmd
                0x08001b04       0x54 Libraries\STM32F4xx_StdPeriph_Driver\src\stm32f4xx_rcc.o
                0x08001b04                RCC_AHB1PeriphClockCmd
 .text.RCC_APB1PeriphClockCmd
                0x08001b58       0x54 Libraries\STM32F4xx_StdPeriph_Driver\src\stm32f4xx_rcc.o
                0x08001b58                RCC_APB1PeriphClockCmd
 .text.RCC_APB1PeriphResetCmd
                0x08001bac       0x54 Libraries\STM32F4xx_StdPeriph_Driver\src\stm32f4xx_rcc.o
                0x08001bac                RCC_APB1PeriphResetCmd
 .text.I2C_DeInit
                0x08001c00       0x88 Libraries\STM32F4xx_StdPeriph_Driver\src\stm32f4xx_i2c.o
                0x08001c00                I2C_DeInit
 .text.I2C_Init
                0x08001c88      0x1ac Libraries\STM32F4xx_StdPeriph_Driver\src\stm32f4xx_i2c.o
                0x08001c88                I2C_Init
 .text.I2C_Cmd  0x08001e34       0x40 Libraries\STM32F4xx_StdPeriph_Driver\src\stm32f4xx_i2c.o
                0x08001e34                I2C_Cmd
 .text.I2C_GenerateSTART
                0x08001e74       0x40 Libraries\STM32F4xx_StdPeriph_Driver\src\stm32f4xx_i2c.o
                0x08001e74                I2C_GenerateSTART
 .text.I2C_GenerateSTOP
                0x08001eb4       0x40 Libraries\STM32F4xx_StdPeriph_Driver\src\stm32f4xx_i2c.o
                0x08001eb4                I2C_GenerateSTOP
 .text.I2C_Send7bitAddress
                0x08001ef4       0x3c Libraries\STM32F4xx_StdPeriph_Driver\src\stm32f4xx_i2c.o
                0x08001ef4                I2C_Send7bitAddress
 .text.I2C_AcknowledgeConfig
                0x08001f30       0x40 Libraries\STM32F4xx_StdPeriph_Driver\src\stm32f4xx_i2c.o
                0x08001f30                I2C_AcknowledgeConfig
 .text.I2C_ReceiveData
                0x08001f70       0x1c Libraries\STM32F4xx_StdPeriph_Driver\src\stm32f4xx_i2c.o
                0x08001f70                I2C_ReceiveData
 .text.I2C_CheckEvent
                0x08001f8c       0x70 Libraries\STM32F4xx_StdPeriph_Driver\src\stm32f4xx_i2c.o
                0x08001f8c                I2C_CheckEvent
 .text.I2C_GetFlagStatus
                0x08001ffc       0x78 Libraries\STM32F4xx_StdPeriph_Driver\src\stm32f4xx_i2c.o
                0x08001ffc                I2C_GetFlagStatus
 .text.GPIO_Init
                0x08002074      0x144 Libraries\STM32F4xx_StdPeriph_Driver\src\stm32f4xx_gpio.o
                0x08002074                GPIO_Init
 .text.GPIO_PinAFConfig
                0x080021b8       0xa8 Libraries\STM32F4xx_StdPeriph_Driver\src\stm32f4xx_gpio.o
                0x080021b8                GPIO_PinAFConfig
 .text.DMA_Init
                0x08002260       0xb0 Libraries\STM32F4xx_StdPeriph_Driver\src\stm32f4xx_dma.o
                0x08002260                DMA_Init
 .text.DMA_Cmd  0x08002310       0x38 Libraries\STM32F4xx_StdPeriph_Driver\src\stm32f4xx_dma.o
                0x08002310                DMA_Cmd
 .text.DMA_GetCmdStatus
                0x08002348       0x38 Libraries\STM32F4xx_StdPeriph_Driver\src\stm32f4xx_dma.o
                0x08002348                DMA_GetCmdStatus
 .text.DMA_GetFlagStatus
                0x08002380       0x84 Libraries\STM32F4xx_StdPeriph_Driver\src\stm32f4xx_dma.o
                0x08002380                DMA_GetFlagStatus
 .text.DMA_ClearFlag
                0x08002404       0x60 Libraries\STM32F4xx_StdPeriph_Driver\src\stm32f4xx_dma.o
                0x08002404                DMA_ClearFlag
 .text.DAC_SetChannel1Data
                0x08002464       0x38 Libraries\STM32F4xx_StdPeriph_Driver\src\stm32f4xx_dac.o
                0x08002464                DAC_SetChannel1Data
 .text.CAN_Transmit
                0x0800249c      0x1dc Libraries\STM32F4xx_StdPeriph_Driver\src\stm32f4xx_can.o
                0x0800249c                CAN_Transmit
 .text.__libc_init_array
                0x08002678       0x4c c:/program files (x86)/atollic/truestudio for arm lite 4.0.1/armtools/bin/../lib/gcc/arm-atollic-eabi/4.7.3/../../../../arm-atollic-eabi/lib/armv7e-m/fpu\libc_s.a(lib_a-init.o)
                0x08002678                __libc_init_array
 *(.glue_7)
 .glue_7        0x00000000        0x0 linker stubs
 *(.glue_7t)
 .glue_7t       0x00000000        0x0 linker stubs
 *(.eh_frame)
 .eh_frame      0x080026c4        0x0 c:/program files (x86)/atollic/truestudio for arm lite 4.0.1/armtools/bin/../lib/gcc/arm-atollic-eabi/4.7.3/armv7e-m/fpu/crtbegin.o
 *(.init)
 .init          0x080026c4        0x4 c:/program files (x86)/atollic/truestudio for arm lite 4.0.1/armtools/bin/../lib/gcc/arm-atollic-eabi/4.7.3/armv7e-m/fpu/crti.o
                0x080026c4                _init
 .init          0x080026c8        0x8 c:/program files (x86)/atollic/truestudio for arm lite 4.0.1/armtools/bin/../lib/gcc/arm-atollic-eabi/4.7.3/armv7e-m/fpu/crtn.o
 *(.fini)
 .fini          0x080026d0        0x4 c:/program files (x86)/atollic/truestudio for arm lite 4.0.1/armtools/bin/../lib/gcc/arm-atollic-eabi/4.7.3/armv7e-m/fpu/crti.o
                0x080026d0                _fini
 .fini          0x080026d4        0x8 c:/program files (x86)/atollic/truestudio for arm lite 4.0.1/armtools/bin/../lib/gcc/arm-atollic-eabi/4.7.3/armv7e-m/fpu/crtn.o
                0x080026dc                . = ALIGN (0x4)
                0x080026dc                _etext = .

.vfp11_veneer   0x080026dc        0x0
 .vfp11_veneer  0x00000000        0x0 linker stubs

.v4_bx          0x080026dc        0x0
 .v4_bx         0x00000000        0x0 linker stubs

.iplt           0x080026dc        0x0
 .iplt          0x00000000        0x0 c:/program files (x86)/atollic/truestudio for arm lite 4.0.1/armtools/bin/../lib/gcc/arm-atollic-eabi/4.7.3/armv7e-m/fpu/crtbegin.o

.rodata         0x080026dc      0x144
                0x080026dc                . = ALIGN (0x4)
 *(.rodata)
 *(.rodata*)
 .rodata.TaskHandler_tableOfInits
                0x080026dc       0x10 src\TaskHandler.o
                0x080026dc                TaskHandler_tableOfInits
 .rodata.TaskHandler_tableOfTasks
                0x080026ec       0x24 src\TaskHandler.o
                0x080026ec                TaskHandler_tableOfTasks
 .rodata.psPacketTrackedObjectParameterList
                0x08002710       0x18 src\PacketConfig.o
                0x08002710                psPacketTrackedObjectParameterList
 .rodata.psPacketDescriptorList
                0x08002728        0xc src\PacketConfig.o
                0x08002728                psPacketDescriptorList
 .rodata.psNodeInterfaceCANTransmitPacketList
                0x08002734        0x8 src\InterfaceConfig.o
                0x08002734                psNodeInterfaceCANTransmitPacketList
 .rodata.psInterfaceList
                0x0800273c       0x10 src\InterfaceConfig.o
                0x0800273c                psInterfaceList
 .rodata.GPIO_table
                0x0800274c       0xb4 src\GPIO.o
                0x0800274c                GPIO_table
 .rodata.psDLParamDescriptorList
                0x08002800       0x20 src\DataLayerConfig.o
                0x08002800                psDLParamDescriptorList
                0x08002820                . = ALIGN (0x4)

.rel.dyn        0x08002820        0x0
 .rel.iplt      0x00000000        0x0 c:/program files (x86)/atollic/truestudio for arm lite 4.0.1/armtools/bin/../lib/gcc/arm-atollic-eabi/4.7.3/armv7e-m/fpu/crtbegin.o

.ARM.extab
 *(.ARM.extab* .gnu.linkonce.armextab.*)

.ARM            0x08002820        0x0
                0x08002820                __exidx_start = .
 *(.ARM.exidx*)
                0x08002820                __exidx_end = .

.preinit_array  0x08002820        0x0
                0x08002820                PROVIDE (__preinit_array_start, .)
 *(.preinit_array*)
                0x08002820                PROVIDE (__preinit_array_end, .)

.init_array     0x08002820        0x4
                0x08002820                PROVIDE (__init_array_start, .)
 *(SORT(.init_array.*))
 *(.init_array*)
 .init_array    0x08002820        0x4 c:/program files (x86)/atollic/truestudio for arm lite 4.0.1/armtools/bin/../lib/gcc/arm-atollic-eabi/4.7.3/armv7e-m/fpu/crtbegin.o
                0x08002824                PROVIDE (__init_array_end, .)

.fini_array     0x08002824        0x4
                0x08002824                PROVIDE (__fini_array_start, .)
 *(SORT(.fini_array.*))
 *(.fini_array*)
 .fini_array    0x08002824        0x4 c:/program files (x86)/atollic/truestudio for arm lite 4.0.1/armtools/bin/../lib/gcc/arm-atollic-eabi/4.7.3/armv7e-m/fpu/crtbegin.o
                0x08002828                PROVIDE (__fini_array_end, .)
                0x08002828                _sidata = LOADADDR (.data)

.data           0x20000000       0x28 load address 0x08002828
                0x20000000                . = ALIGN (0x4)
                0x20000000                _sdata = .
 *(.data)
 *(.data*)
 .data.SystemCoreClock
                0x20000000        0x4 src\system_stm32f4xx.o
                0x20000000                SystemCoreClock
 .data.prev_timer.7534
                0x20000004        0x2 src\TaskHandler.o
 *fill*         0x20000006        0x2 00
 .data.AudioRemSize
                0x20000008        0x4 Utilities\STM32F4-Discovery\stm32f4_discovery_audio_codec.o
                0x20000008                AudioRemSize
 .data.CurrAudioInterface
                0x2000000c        0x4 Utilities\STM32F4-Discovery\stm32f4_discovery_audio_codec.o
                0x2000000c                CurrAudioInterface
 .data.AUDIO_MAL_DMA_STREAM
                0x20000010        0x4 Utilities\STM32F4-Discovery\stm32f4_discovery_audio_codec.o
                0x20000010                AUDIO_MAL_DMA_STREAM
 .data.AUDIO_MAL_DMA_FLAG_TC
                0x20000014        0x4 Utilities\STM32F4-Discovery\stm32f4_discovery_audio_codec.o
                0x20000014                AUDIO_MAL_DMA_FLAG_TC
 .data.APBAHBPrescTable
                0x20000018       0x10 Libraries\STM32F4xx_StdPeriph_Driver\src\stm32f4xx_rcc.o
                0x20000028                . = ALIGN (0x4)
                0x20000028                _edata = .
                0x08002850                _siccmram = LOADADDR (.ccmram)

.jcr            0x20000028        0x0 load address 0x08002850
 .jcr           0x20000028        0x0 c:/program files (x86)/atollic/truestudio for arm lite 4.0.1/armtools/bin/../lib/gcc/arm-atollic-eabi/4.7.3/armv7e-m/fpu/crtbegin.o

.igot.plt       0x20000028        0x0 load address 0x08002850
 .igot.plt      0x00000000        0x0 c:/program files (x86)/atollic/truestudio for arm lite 4.0.1/armtools/bin/../lib/gcc/arm-atollic-eabi/4.7.3/armv7e-m/fpu/crtbegin.o

.ccmram         0x10000000        0x0 load address 0x08002850
                0x10000000                . = ALIGN (0x4)
                0x10000000                _sccmram = .
 *(.ccmram)
 *(.ccmram*)
                0x10000000                . = ALIGN (0x4)
                0x10000000                _eccmram = .
                0x10000000                . = ALIGN (0x4)

.bss            0x20000028      0x130
                0x20000028                _sbss = .
                0x20000028                __bss_start__ = _sbss
 *(.bss)
 .bss           0x20000028       0x1c c:/program files (x86)/atollic/truestudio for arm lite 4.0.1/armtools/bin/../lib/gcc/arm-atollic-eabi/4.7.3/armv7e-m/fpu/crtbegin.o
 *(.bss*)
 .bss.priv_numOfObjects
                0x20000044        0x1 src\Vision.o
                0x20000044                priv_numOfObjects
 *fill*         0x20000045        0x1 00
 .bss.taskHandler_systemTicks
                0x20000046        0x2 src\TaskHandler.o
                0x20000046                taskHandler_systemTicks
 .bss.state.7501
                0x20000048        0x1 src\GPIO.o
 *(COMMON)
 *fill*         0x20000049        0x3 00
 COMMON         0x2000004c       0x84 src\Vision.o
                0x2000004c                priv_receivedData
                0x20000080                priv_objects
 COMMON         0x200000d0        0x8 src\DataLayerConfig.o
                0x200000d0                pDLValueU16
 COMMON         0x200000d8        0x4 src\DataLayer.o
                0x200000d8                pbValidFlags
 COMMON         0x200000dc       0x7c Utilities\STM32F4-Discovery\stm32f4_discovery_audio_codec.o
                0x200000dc                CurrentPos
                0x200000e0                AUDIO_MAL_DMA_InitStructure
                0x2000011c                DMA_InitStructure
                0x20000158                . = ALIGN (0x4)
                0x20000158                _ebss = .
                0x20000158                __bss_end__ = _ebss

._user_heap_stack
                0x20000158      0x400
                0x20000158                . = ALIGN (0x4)
                0x20000158                PROVIDE (end, .)
                0x20000158                PROVIDE (_end, .)
                0x20000158                . = (. + _Min_Heap_Size)
                0x20000558                . = (. + _Min_Stack_Size)
 *fill*         0x20000158      0x400 00
                0x20000558                . = ALIGN (0x4)

.memory_b1_text
 *(.mb1text)
 *(.mb1text*)
 *(.mb1rodata)
 *(.mb1rodata*)

/DISCARD/
 libc.a(*)
 libm.a(*)
 libgcc.a(*)

.ARM.attributes
                0x00000000       0x32
 *(.ARM.attributes)
 .ARM.attributes
                0x00000000       0x24 c:/program files (x86)/atollic/truestudio for arm lite 4.0.1/armtools/bin/../lib/gcc/arm-atollic-eabi/4.7.3/armv7e-m/fpu/crti.o
 .ARM.attributes
                0x00000024       0x36 c:/program files (x86)/atollic/truestudio for arm lite 4.0.1/armtools/bin/../lib/gcc/arm-atollic-eabi/4.7.3/armv7e-m/fpu/crtbegin.o
 .ARM.attributes
                0x0000005a       0x3b src\system_stm32f4xx.o
 .ARM.attributes
                0x00000095       0x3b src\stm32f4xx_it.o
 .ARM.attributes
                0x000000d0       0x21 src\startup_stm32f40xx.o
 .ARM.attributes
                0x000000f1       0x3b src\main.o
 .ARM.attributes
                0x0000012c       0x3b src\Vision.o
 .ARM.attributes
                0x00000167       0x3b src\TaskHandler.o
 .ARM.attributes
                0x000001a2       0x3b src\PacketConfig.o
 .ARM.attributes
                0x000001dd       0x3b src\InterfaceHandler.o
 .ARM.attributes
                0x00000218       0x3b src\InterfaceConfig.o
 .ARM.attributes
                0x00000253       0x3b src\GPIO.o
 .ARM.attributes
                0x0000028e       0x3b src\DataLayerConfig.o
 .ARM.attributes
                0x000002c9       0x3b src\DataLayer.o
 .ARM.attributes
                0x00000304       0x3b src\CAN.o
 .ARM.attributes
                0x0000033f       0x3b Utilities\STM32F4-Discovery\stm32f4_discovery_audio_codec.o
 .ARM.attributes
                0x0000037a       0x3b Libraries\STM32F4xx_StdPeriph_Driver\src\stm32f4xx_spi.o
 .ARM.attributes
                0x000003b5       0x3b Libraries\STM32F4xx_StdPeriph_Driver\src\stm32f4xx_rcc.o
 .ARM.attributes
                0x000003f0       0x3b Libraries\STM32F4xx_StdPeriph_Driver\src\stm32f4xx_i2c.o
 .ARM.attributes
                0x0000042b       0x3b Libraries\STM32F4xx_StdPeriph_Driver\src\stm32f4xx_gpio.o
 .ARM.attributes
                0x00000466       0x3b Libraries\STM32F4xx_StdPeriph_Driver\src\stm32f4xx_dma.o
 .ARM.attributes
                0x000004a1       0x3b Libraries\STM32F4xx_StdPeriph_Driver\src\stm32f4xx_dac.o
 .ARM.attributes
                0x000004dc       0x3b Libraries\STM32F4xx_StdPeriph_Driver\src\stm32f4xx_can.o
 .ARM.attributes
                0x00000517       0x36 c:/program files (x86)/atollic/truestudio for arm lite 4.0.1/armtools/bin/../lib/gcc/arm-atollic-eabi/4.7.3/../../../../arm-atollic-eabi/lib/armv7e-m/fpu\libc_s.a(lib_a-init.o)
 .ARM.attributes
                0x0000054d       0x24 c:/program files (x86)/atollic/truestudio for arm lite 4.0.1/armtools/bin/../lib/gcc/arm-atollic-eabi/4.7.3/armv7e-m/fpu/crtn.o
OUTPUT(VisionBoard.elf elf32-littlearm)

.debug_info     0x00000000     0x98a0
 .debug_info    0x00000000      0x608 src\system_stm32f4xx.o
 .debug_info    0x00000608      0x178 src\stm32f4xx_it.o
 .debug_info    0x00000780       0x78 src\startup_stm32f40xx.o
 .debug_info    0x000007f8      0x116 src\main.o
 .debug_info    0x0000090e      0x793 src\Vision.o
 .debug_info    0x000010a1      0x8ca src\TaskHandler.o
 .debug_info    0x0000196b      0x21d src\PacketConfig.o
 .debug_info    0x00001b88      0x589 src\InterfaceHandler.o
 .debug_info    0x00002111      0x246 src\InterfaceConfig.o
 .debug_info    0x00002357      0x734 src\GPIO.o
 .debug_info    0x00002a8b      0x19d src\DataLayerConfig.o
 .debug_info    0x00002c28      0x5cf src\DataLayer.o
 .debug_info    0x000031f7      0xe28 src\CAN.o
 .debug_info    0x0000401f     0x11d1 Utilities\STM32F4-Discovery\stm32f4_discovery_audio_codec.o
 .debug_info    0x000051f0      0xbe2 Libraries\STM32F4xx_StdPeriph_Driver\src\stm32f4xx_spi.o
 .debug_info    0x00005dd2      0xd78 Libraries\STM32F4xx_StdPeriph_Driver\src\stm32f4xx_rcc.o
 .debug_info    0x00006b4a      0xc50 Libraries\STM32F4xx_StdPeriph_Driver\src\stm32f4xx_i2c.o
 .debug_info    0x0000779a      0x647 Libraries\STM32F4xx_StdPeriph_Driver\src\stm32f4xx_gpio.o
 .debug_info    0x00007de1      0x7b3 Libraries\STM32F4xx_StdPeriph_Driver\src\stm32f4xx_dma.o
 .debug_info    0x00008594      0x694 Libraries\STM32F4xx_StdPeriph_Driver\src\stm32f4xx_dac.o
 .debug_info    0x00008c28      0xc78 Libraries\STM32F4xx_StdPeriph_Driver\src\stm32f4xx_can.o

.debug_abbrev   0x00000000     0x1b99
 .debug_abbrev  0x00000000      0x13a src\system_stm32f4xx.o
 .debug_abbrev  0x0000013a       0x7a src\stm32f4xx_it.o
 .debug_abbrev  0x000001b4       0x12 src\startup_stm32f40xx.o
 .debug_abbrev  0x000001c6       0xae src\main.o
 .debug_abbrev  0x00000274      0x1eb src\Vision.o
 .debug_abbrev  0x0000045f      0x1d6 src\TaskHandler.o
 .debug_abbrev  0x00000635       0x98 src\PacketConfig.o
 .debug_abbrev  0x000006cd      0x143 src\InterfaceHandler.o
 .debug_abbrev  0x00000810       0x98 src\InterfaceConfig.o
 .debug_abbrev  0x000008a8      0x19f src\GPIO.o
 .debug_abbrev  0x00000a47       0xa3 src\DataLayerConfig.o
 .debug_abbrev  0x00000aea      0x16b src\DataLayer.o
 .debug_abbrev  0x00000c55      0x1d7 src\CAN.o
 .debug_abbrev  0x00000e2c      0x25a Utilities\STM32F4-Discovery\stm32f4_discovery_audio_codec.o
 .debug_abbrev  0x00001086      0x16b Libraries\STM32F4xx_StdPeriph_Driver\src\stm32f4xx_spi.o
 .debug_abbrev  0x000011f1      0x1e7 Libraries\STM32F4xx_StdPeriph_Driver\src\stm32f4xx_rcc.o
 .debug_abbrev  0x000013d8      0x168 Libraries\STM32F4xx_StdPeriph_Driver\src\stm32f4xx_i2c.o
 .debug_abbrev  0x00001540      0x1a7 Libraries\STM32F4xx_StdPeriph_Driver\src\stm32f4xx_gpio.o
 .debug_abbrev  0x000016e7      0x159 Libraries\STM32F4xx_StdPeriph_Driver\src\stm32f4xx_dma.o
 .debug_abbrev  0x00001840      0x180 Libraries\STM32F4xx_StdPeriph_Driver\src\stm32f4xx_dac.o
 .debug_abbrev  0x000019c0      0x1d9 Libraries\STM32F4xx_StdPeriph_Driver\src\stm32f4xx_can.o

.debug_loc      0x00000000     0x3a9e
 .debug_loc     0x00000000       0x9c src\system_stm32f4xx.o
 .debug_loc     0x0000009c      0x18c src\stm32f4xx_it.o
 .debug_loc     0x00000228       0x90 src\main.o
 .debug_loc     0x000002b8      0x2e0 src\Vision.o
 .debug_loc     0x00000598      0x118 src\TaskHandler.o
 .debug_loc     0x000006b0       0xe2 src\InterfaceHandler.o
 .debug_loc     0x00000792      0x170 src\GPIO.o
 .debug_loc     0x00000902      0x1f8 src\DataLayer.o
 .debug_loc     0x00000afa      0x144 src\CAN.o
 .debug_loc     0x00000c3e      0x730 Utilities\STM32F4-Discovery\stm32f4_discovery_audio_codec.o
 .debug_loc     0x0000136e      0x578 Libraries\STM32F4xx_StdPeriph_Driver\src\stm32f4xx_spi.o
 .debug_loc     0x000018e6      0x9b4 Libraries\STM32F4xx_StdPeriph_Driver\src\stm32f4xx_rcc.o
 .debug_loc     0x0000229a      0x7a8 Libraries\STM32F4xx_StdPeriph_Driver\src\stm32f4xx_i2c.o
 .debug_loc     0x00002a42      0x310 Libraries\STM32F4xx_StdPeriph_Driver\src\stm32f4xx_gpio.o
 .debug_loc     0x00002d52      0x428 Libraries\STM32F4xx_StdPeriph_Driver\src\stm32f4xx_dma.o
 .debug_loc     0x0000317a      0x3ac Libraries\STM32F4xx_StdPeriph_Driver\src\stm32f4xx_dac.o
 .debug_loc     0x00003526      0x578 Libraries\STM32F4xx_StdPeriph_Driver\src\stm32f4xx_can.o

.debug_aranges  0x00000000      0xaa0
 .debug_aranges
                0x00000000       0x30 src\system_stm32f4xx.o
 .debug_aranges
                0x00000030       0x60 src\stm32f4xx_it.o
 .debug_aranges
                0x00000090       0x28 src\startup_stm32f40xx.o
 .debug_aranges
                0x000000b8       0x30 src\main.o
 .debug_aranges
                0x000000e8       0x88 src\Vision.o
 .debug_aranges
                0x00000170       0x40 src\TaskHandler.o
 .debug_aranges
                0x000001b0       0x18 src\PacketConfig.o
 .debug_aranges
                0x000001c8       0x38 src\InterfaceHandler.o
 .debug_aranges
                0x00000200       0x18 src\InterfaceConfig.o
 .debug_aranges
                0x00000218       0x50 src\GPIO.o
 .debug_aranges
                0x00000268       0x18 src\DataLayerConfig.o
 .debug_aranges
                0x00000280       0x60 src\DataLayer.o
 .debug_aranges
                0x000002e0       0x48 src\CAN.o
 .debug_aranges
                0x00000328      0x130 Utilities\STM32F4-Discovery\stm32f4_discovery_audio_codec.o
 .debug_aranges
                0x00000458       0xe0 Libraries\STM32F4xx_StdPeriph_Driver\src\stm32f4xx_spi.o
 .debug_aranges
                0x00000538      0x180 Libraries\STM32F4xx_StdPeriph_Driver\src\stm32f4xx_rcc.o
 .debug_aranges
                0x000006b8      0x130 Libraries\STM32F4xx_StdPeriph_Driver\src\stm32f4xx_i2c.o
 .debug_aranges
                0x000007e8       0x88 Libraries\STM32F4xx_StdPeriph_Driver\src\stm32f4xx_gpio.o
 .debug_aranges
                0x00000870       0xb0 Libraries\STM32F4xx_StdPeriph_Driver\src\stm32f4xx_dma.o
 .debug_aranges
                0x00000920       0xa0 Libraries\STM32F4xx_StdPeriph_Driver\src\stm32f4xx_dac.o
 .debug_aranges
                0x000009c0       0xe0 Libraries\STM32F4xx_StdPeriph_Driver\src\stm32f4xx_can.o

.debug_ranges   0x00000000      0x940
 .debug_ranges  0x00000000       0x20 src\system_stm32f4xx.o
 .debug_ranges  0x00000020       0x50 src\stm32f4xx_it.o
 .debug_ranges  0x00000070       0x20 src\startup_stm32f40xx.o
 .debug_ranges  0x00000090       0x20 src\main.o
 .debug_ranges  0x000000b0       0x78 src\Vision.o
 .debug_ranges  0x00000128       0x30 src\TaskHandler.o
 .debug_ranges  0x00000158       0x28 src\InterfaceHandler.o
 .debug_ranges  0x00000180       0x40 src\GPIO.o
 .debug_ranges  0x000001c0       0x50 src\DataLayer.o
 .debug_ranges  0x00000210       0x38 src\CAN.o
 .debug_ranges  0x00000248      0x120 Utilities\STM32F4-Discovery\stm32f4_discovery_audio_codec.o
 .debug_ranges  0x00000368       0xd0 Libraries\STM32F4xx_StdPeriph_Driver\src\stm32f4xx_spi.o
 .debug_ranges  0x00000438      0x170 Libraries\STM32F4xx_StdPeriph_Driver\src\stm32f4xx_rcc.o
 .debug_ranges  0x000005a8      0x120 Libraries\STM32F4xx_StdPeriph_Driver\src\stm32f4xx_i2c.o
 .debug_ranges  0x000006c8       0x78 Libraries\STM32F4xx_StdPeriph_Driver\src\stm32f4xx_gpio.o
 .debug_ranges  0x00000740       0xa0 Libraries\STM32F4xx_StdPeriph_Driver\src\stm32f4xx_dma.o
 .debug_ranges  0x000007e0       0x90 Libraries\STM32F4xx_StdPeriph_Driver\src\stm32f4xx_dac.o
 .debug_ranges  0x00000870       0xd0 Libraries\STM32F4xx_StdPeriph_Driver\src\stm32f4xx_can.o

.debug_line     0x00000000     0x39d1
 .debug_line    0x00000000      0x1b7 src\system_stm32f4xx.o
 .debug_line    0x000001b7      0x1b7 src\stm32f4xx_it.o
 .debug_line    0x0000036e       0x7a src\startup_stm32f40xx.o
 .debug_line    0x000003e8      0x129 src\main.o
 .debug_line    0x00000511      0x366 src\Vision.o
 .debug_line    0x00000877      0x1f5 src\TaskHandler.o
 .debug_line    0x00000a6c      0x107 src\PacketConfig.o
 .debug_line    0x00000b73      0x1f2 src\InterfaceHandler.o
 .debug_line    0x00000d65      0x11f src\InterfaceConfig.o
 .debug_line    0x00000e84      0x20d src\GPIO.o
 .debug_line    0x00001091       0xf8 src\DataLayerConfig.o
 .debug_line    0x00001189      0x241 src\DataLayer.o
 .debug_line    0x000013ca      0x2bd src\CAN.o
 .debug_line    0x00001687      0x6b8 Utilities\STM32F4-Discovery\stm32f4_discovery_audio_codec.o
 .debug_line    0x00001d3f      0x407 Libraries\STM32F4xx_StdPeriph_Driver\src\stm32f4xx_spi.o
 .debug_line    0x00002146      0x559 Libraries\STM32F4xx_StdPeriph_Driver\src\stm32f4xx_rcc.o
 .debug_line    0x0000269f      0x4b1 Libraries\STM32F4xx_StdPeriph_Driver\src\stm32f4xx_i2c.o
 .debug_line    0x00002b50      0x2ea Libraries\STM32F4xx_StdPeriph_Driver\src\stm32f4xx_gpio.o
 .debug_line    0x00002e3a      0x387 Libraries\STM32F4xx_StdPeriph_Driver\src\stm32f4xx_dma.o
 .debug_line    0x000031c1      0x30b Libraries\STM32F4xx_StdPeriph_Driver\src\stm32f4xx_dac.o
 .debug_line    0x000034cc      0x505 Libraries\STM32F4xx_StdPeriph_Driver\src\stm32f4xx_can.o

.debug_str      0x00000000     0x3500
 .debug_str     0x00000000      0x306 src\system_stm32f4xx.o
                                0x360 (size before relaxing)
 .debug_str     0x00000306       0xbe src\stm32f4xx_it.o
                                0x1ea (size before relaxing)
 .debug_str     0x000003c4       0x5d src\main.o
                                0x197 (size before relaxing)
 .debug_str     0x00000421      0x3fe src\Vision.o
                                0x58e (size before relaxing)
 .debug_str     0x0000081f      0x686 src\TaskHandler.o
                                0x883 (size before relaxing)
 .debug_str     0x00000ea5      0x1dc src\PacketConfig.o
                                0x2fb (size before relaxing)
 .debug_str     0x00001081      0x1d3 src\InterfaceHandler.o
                                0x4f3 (size before relaxing)
 .debug_str     0x00001254       0x3e src\InterfaceConfig.o
                                0x348 (size before relaxing)
 .debug_str     0x00001292      0x14c src\GPIO.o
                                0x942 (size before relaxing)
 .debug_str     0x000013de       0x6b src\DataLayerConfig.o
                                0x273 (size before relaxing)
 .debug_str     0x00001449      0x17a src\DataLayer.o
                                0x444 (size before relaxing)
 .debug_str     0x000015c3      0x3bf src\CAN.o
                                0xe69 (size before relaxing)
 .debug_str     0x00001982      0x663 Utilities\STM32F4-Discovery\stm32f4_discovery_audio_codec.o
                               0x1041 (size before relaxing)
 .debug_str     0x00001fe5      0x32e Libraries\STM32F4xx_StdPeriph_Driver\src\stm32f4xx_spi.o
                                0x658 (size before relaxing)
 .debug_str     0x00002313      0x585 Libraries\STM32F4xx_StdPeriph_Driver\src\stm32f4xx_rcc.o
                                0x847 (size before relaxing)
 .debug_str     0x00002898      0x36c Libraries\STM32F4xx_StdPeriph_Driver\src\stm32f4xx_i2c.o
                                0x680 (size before relaxing)
 .debug_str     0x00002c04      0x16e Libraries\STM32F4xx_StdPeriph_Driver\src\stm32f4xx_gpio.o
                                0x471 (size before relaxing)
 .debug_str     0x00002d72      0x254 Libraries\STM32F4xx_StdPeriph_Driver\src\stm32f4xx_dma.o
                                0x51a (size before relaxing)
 .debug_str     0x00002fc6      0x220 Libraries\STM32F4xx_StdPeriph_Driver\src\stm32f4xx_dac.o
                                0x421 (size before relaxing)
 .debug_str     0x000031e6      0x31a Libraries\STM32F4xx_StdPeriph_Driver\src\stm32f4xx_can.o
                                0x70c (size before relaxing)

.comment        0x00000000       0x83
 .comment       0x00000000       0x83 src\system_stm32f4xx.o
                                 0x84 (size before relaxing)
 .comment       0x00000000       0x84 src\stm32f4xx_it.o
 .comment       0x00000000       0x84 src\main.o
 .comment       0x00000000       0x84 src\Vision.o
 .comment       0x00000000       0x84 src\TaskHandler.o
 .comment       0x00000000       0x84 src\PacketConfig.o
 .comment       0x00000000       0x84 src\InterfaceHandler.o
 .comment       0x00000000       0x84 src\InterfaceConfig.o
 .comment       0x00000000       0x84 src\GPIO.o
 .comment       0x00000000       0x84 src\DataLayerConfig.o
 .comment       0x00000000       0x84 src\DataLayer.o
 .comment       0x00000000       0x84 src\CAN.o
 .comment       0x00000000       0x84 Utilities\STM32F4-Discovery\stm32f4_discovery_audio_codec.o
 .comment       0x00000000       0x84 Libraries\STM32F4xx_StdPeriph_Driver\src\stm32f4xx_spi.o
 .comment       0x00000000       0x84 Libraries\STM32F4xx_StdPeriph_Driver\src\stm32f4xx_rcc.o
 .comment       0x00000000       0x84 Libraries\STM32F4xx_StdPeriph_Driver\src\stm32f4xx_i2c.o
 .comment       0x00000000       0x84 Libraries\STM32F4xx_StdPeriph_Driver\src\stm32f4xx_gpio.o
 .comment       0x00000000       0x84 Libraries\STM32F4xx_StdPeriph_Driver\src\stm32f4xx_dma.o
 .comment       0x00000000       0x84 Libraries\STM32F4xx_StdPeriph_Driver\src\stm32f4xx_dac.o
 .comment       0x00000000       0x84 Libraries\STM32F4xx_StdPeriph_Driver\src\stm32f4xx_can.o

.debug_frame    0x00000000     0x1fe8
 .debug_frame   0x00000000       0x64 src\system_stm32f4xx.o
 .debug_frame   0x00000064       0xe8 src\stm32f4xx_it.o
 .debug_frame   0x0000014c       0x60 src\main.o
 .debug_frame   0x000001ac      0x1b0 src\Vision.o
 .debug_frame   0x0000035c       0xac src\TaskHandler.o
 .debug_frame   0x00000408       0x88 src\InterfaceHandler.o
 .debug_frame   0x00000490       0xdc src\GPIO.o
 .debug_frame   0x0000056c      0x120 src\DataLayer.o
 .debug_frame   0x0000068c       0xc8 src\CAN.o
 .debug_frame   0x00000754      0x438 Utilities\STM32F4-Discovery\stm32f4_discovery_audio_codec.o
 .debug_frame   0x00000b8c      0x2d0 Libraries\STM32F4xx_StdPeriph_Driver\src\stm32f4xx_spi.o
 .debug_frame   0x00000e5c      0x4f4 Libraries\STM32F4xx_StdPeriph_Driver\src\stm32f4xx_rcc.o
 .debug_frame   0x00001350      0x3ec Libraries\STM32F4xx_StdPeriph_Driver\src\stm32f4xx_i2c.o
 .debug_frame   0x0000173c      0x19c Libraries\STM32F4xx_StdPeriph_Driver\src\stm32f4xx_gpio.o
 .debug_frame   0x000018d8      0x224 Libraries\STM32F4xx_StdPeriph_Driver\src\stm32f4xx_dma.o
 .debug_frame   0x00001afc      0x1ec Libraries\STM32F4xx_StdPeriph_Driver\src\stm32f4xx_dac.o
 .debug_frame   0x00001ce8      0x2d4 Libraries\STM32F4xx_StdPeriph_Driver\src\stm32f4xx_can.o
 .debug_frame   0x00001fbc       0x2c c:/program files (x86)/atollic/truestudio for arm lite 4.0.1/armtools/bin/../lib/gcc/arm-atollic-eabi/4.7.3/../../../../arm-atollic-eabi/lib/armv7e-m/fpu\libc_s.a(lib_a-init.o)

Cross Reference Table

Symbol                                            File
ADC_AnalogWatchdogCmd                             Libraries\STM32F4xx_StdPeriph_Driver\src\stm32f4xx_adc.o
ADC_AnalogWatchdogSingleChannelConfig             Libraries\STM32F4xx_StdPeriph_Driver\src\stm32f4xx_adc.o
ADC_AnalogWatchdogThresholdsConfig                Libraries\STM32F4xx_StdPeriph_Driver\src\stm32f4xx_adc.o
ADC_AutoInjectedConvCmd                           Libraries\STM32F4xx_StdPeriph_Driver\src\stm32f4xx_adc.o
ADC_ClearFlag                                     Libraries\STM32F4xx_StdPeriph_Driver\src\stm32f4xx_adc.o
ADC_ClearITPendingBit                             Libraries\STM32F4xx_StdPeriph_Driver\src\stm32f4xx_adc.o
ADC_Cmd                                           Libraries\STM32F4xx_StdPeriph_Driver\src\stm32f4xx_adc.o
ADC_CommonInit                                    Libraries\STM32F4xx_StdPeriph_Driver\src\stm32f4xx_adc.o
ADC_CommonStructInit                              Libraries\STM32F4xx_StdPeriph_Driver\src\stm32f4xx_adc.o
ADC_ContinuousModeCmd                             Libraries\STM32F4xx_StdPeriph_Driver\src\stm32f4xx_adc.o
ADC_DMACmd                                        Libraries\STM32F4xx_StdPeriph_Driver\src\stm32f4xx_adc.o
ADC_DMARequestAfterLastTransferCmd                Libraries\STM32F4xx_StdPeriph_Driver\src\stm32f4xx_adc.o
ADC_DeInit                                        Libraries\STM32F4xx_StdPeriph_Driver\src\stm32f4xx_adc.o
ADC_DiscModeChannelCountConfig                    Libraries\STM32F4xx_StdPeriph_Driver\src\stm32f4xx_adc.o
ADC_DiscModeCmd                                   Libraries\STM32F4xx_StdPeriph_Driver\src\stm32f4xx_adc.o
ADC_EOCOnEachRegularChannelCmd                    Libraries\STM32F4xx_StdPeriph_Driver\src\stm32f4xx_adc.o
ADC_ExternalTrigInjectedConvConfig                Libraries\STM32F4xx_StdPeriph_Driver\src\stm32f4xx_adc.o
ADC_ExternalTrigInjectedConvEdgeConfig            Libraries\STM32F4xx_StdPeriph_Driver\src\stm32f4xx_adc.o
ADC_GetConversionValue                            Libraries\STM32F4xx_StdPeriph_Driver\src\stm32f4xx_adc.o
ADC_GetFlagStatus                                 Libraries\STM32F4xx_StdPeriph_Driver\src\stm32f4xx_adc.o
ADC_GetITStatus                                   Libraries\STM32F4xx_StdPeriph_Driver\src\stm32f4xx_adc.o
ADC_GetInjectedConversionValue                    Libraries\STM32F4xx_StdPeriph_Driver\src\stm32f4xx_adc.o
ADC_GetMultiModeConversionValue                   Libraries\STM32F4xx_StdPeriph_Driver\src\stm32f4xx_adc.o
ADC_GetSoftwareStartConvStatus                    Libraries\STM32F4xx_StdPeriph_Driver\src\stm32f4xx_adc.o
ADC_GetSoftwareStartInjectedConvCmdStatus         Libraries\STM32F4xx_StdPeriph_Driver\src\stm32f4xx_adc.o
ADC_IRQHandler                                    src\startup_stm32f40xx.o
ADC_ITConfig                                      Libraries\STM32F4xx_StdPeriph_Driver\src\stm32f4xx_adc.o
ADC_Init                                          Libraries\STM32F4xx_StdPeriph_Driver\src\stm32f4xx_adc.o
ADC_InjectedChannelConfig                         Libraries\STM32F4xx_StdPeriph_Driver\src\stm32f4xx_adc.o
ADC_InjectedDiscModeCmd                           Libraries\STM32F4xx_StdPeriph_Driver\src\stm32f4xx_adc.o
ADC_InjectedSequencerLengthConfig                 Libraries\STM32F4xx_StdPeriph_Driver\src\stm32f4xx_adc.o
ADC_MultiModeDMARequestAfterLastTransferCmd       Libraries\STM32F4xx_StdPeriph_Driver\src\stm32f4xx_adc.o
ADC_RegularChannelConfig                          Libraries\STM32F4xx_StdPeriph_Driver\src\stm32f4xx_adc.o
ADC_SetInjectedOffset                             Libraries\STM32F4xx_StdPeriph_Driver\src\stm32f4xx_adc.o
ADC_SoftwareStartConv                             Libraries\STM32F4xx_StdPeriph_Driver\src\stm32f4xx_adc.o
ADC_SoftwareStartInjectedConv                     Libraries\STM32F4xx_StdPeriph_Driver\src\stm32f4xx_adc.o
ADC_StructInit                                    Libraries\STM32F4xx_StdPeriph_Driver\src\stm32f4xx_adc.o
ADC_TempSensorVrefintCmd                          Libraries\STM32F4xx_StdPeriph_Driver\src\stm32f4xx_adc.o
ADC_VBATCmd                                       Libraries\STM32F4xx_StdPeriph_Driver\src\stm32f4xx_adc.o
AHBPrescTable                                     src\system_stm32f4xx.o
AUDIO_MAL_DMA_CHANNEL                             Utilities\STM32F4-Discovery\stm32f4_discovery_audio_codec.o
AUDIO_MAL_DMA_CLOCK                               Utilities\STM32F4-Discovery\stm32f4_discovery_audio_codec.o
AUDIO_MAL_DMA_DREG                                Utilities\STM32F4-Discovery\stm32f4_discovery_audio_codec.o
AUDIO_MAL_DMA_FLAG_DME                            Utilities\STM32F4-Discovery\stm32f4_discovery_audio_codec.o
AUDIO_MAL_DMA_FLAG_FE                             Utilities\STM32F4-Discovery\stm32f4_discovery_audio_codec.o
AUDIO_MAL_DMA_FLAG_HT                             Utilities\STM32F4-Discovery\stm32f4_discovery_audio_codec.o
AUDIO_MAL_DMA_FLAG_TC                             Utilities\STM32F4-Discovery\stm32f4_discovery_audio_codec.o
AUDIO_MAL_DMA_FLAG_TE                             Utilities\STM32F4-Discovery\stm32f4_discovery_audio_codec.o
AUDIO_MAL_DMA_IRQ                                 Utilities\STM32F4-Discovery\stm32f4_discovery_audio_codec.o
AUDIO_MAL_DMA_InitStructure                       Utilities\STM32F4-Discovery\stm32f4_discovery_audio_codec.o
AUDIO_MAL_DMA_STREAM                              Utilities\STM32F4-Discovery\stm32f4_discovery_audio_codec.o
AudioRemSize                                      Utilities\STM32F4-Discovery\stm32f4_discovery_audio_codec.o
AudioTotalSize                                    Utilities\STM32F4-Discovery\stm32f4_discovery_audio_codec.o
Audio_MAL_Play                                    Utilities\STM32F4-Discovery\stm32f4_discovery_audio_codec.o
BUTTON_CLK                                        Utilities\STM32F4-Discovery\stm32f4_discovery.o
BUTTON_EXTI_LINE                                  Utilities\STM32F4-Discovery\stm32f4_discovery.o
BUTTON_IRQn                                       Utilities\STM32F4-Discovery\stm32f4_discovery.o
BUTTON_PIN                                        Utilities\STM32F4-Discovery\stm32f4_discovery.o
BUTTON_PIN_SOURCE                                 Utilities\STM32F4-Discovery\stm32f4_discovery.o
BUTTON_PORT                                       Utilities\STM32F4-Discovery\stm32f4_discovery.o
BUTTON_PORT_SOURCE                                Utilities\STM32F4-Discovery\stm32f4_discovery.o
BusFault_Handler                                  src\stm32f4xx_it.o
CAN1_NVIC_Config                                  src\CAN.o
CAN1_RX0_IRQHandler                               src\startup_stm32f40xx.o
CAN1_RX1_IRQHandler                               src\startup_stm32f40xx.o
CAN1_SCE_IRQHandler                               src\startup_stm32f40xx.o
CAN1_TX_IRQHandler                                src\startup_stm32f40xx.o
CAN2_RX0_IRQHandler                               src\startup_stm32f40xx.o
CAN2_RX1_IRQHandler                               src\startup_stm32f40xx.o
CAN2_SCE_IRQHandler                               src\startup_stm32f40xx.o
CAN2_TX_IRQHandler                                src\startup_stm32f40xx.o
CAN_CAN1Init                                      src\CAN.o
CAN_CancelTransmit                                Libraries\STM32F4xx_StdPeriph_Driver\src\stm32f4xx_can.o
CAN_ClearFlag                                     Libraries\STM32F4xx_StdPeriph_Driver\src\stm32f4xx_can.o
CAN_ClearITPendingBit                             Libraries\STM32F4xx_StdPeriph_Driver\src\stm32f4xx_can.o
CAN_DBGFreeze                                     Libraries\STM32F4xx_StdPeriph_Driver\src\stm32f4xx_can.o
CAN_DeInit                                        Libraries\STM32F4xx_StdPeriph_Driver\src\stm32f4xx_can.o
                                                  src\CAN.o
CAN_FIFORelease                                   Libraries\STM32F4xx_StdPeriph_Driver\src\stm32f4xx_can.o
CAN_FilterInit                                    Libraries\STM32F4xx_StdPeriph_Driver\src\stm32f4xx_can.o
                                                  src\CAN.o
CAN_GetFlagStatus                                 Libraries\STM32F4xx_StdPeriph_Driver\src\stm32f4xx_can.o
CAN_GetITStatus                                   Libraries\STM32F4xx_StdPeriph_Driver\src\stm32f4xx_can.o
CAN_GetLSBTransmitErrorCounter                    Libraries\STM32F4xx_StdPeriph_Driver\src\stm32f4xx_can.o
CAN_GetLastErrorCode                              Libraries\STM32F4xx_StdPeriph_Driver\src\stm32f4xx_can.o
CAN_GetReceiveErrorCounter                        Libraries\STM32F4xx_StdPeriph_Driver\src\stm32f4xx_can.o
CAN_ITConfig                                      Libraries\STM32F4xx_StdPeriph_Driver\src\stm32f4xx_can.o
                                                  src\CAN.o
CAN_Init                                          Libraries\STM32F4xx_StdPeriph_Driver\src\stm32f4xx_can.o
                                                  src\CAN.o
CAN_MessagePending                                Libraries\STM32F4xx_StdPeriph_Driver\src\stm32f4xx_can.o
CAN_OperatingModeRequest                          Libraries\STM32F4xx_StdPeriph_Driver\src\stm32f4xx_can.o
CAN_Receive                                       Libraries\STM32F4xx_StdPeriph_Driver\src\stm32f4xx_can.o
CAN_SlaveStartBank                                Libraries\STM32F4xx_StdPeriph_Driver\src\stm32f4xx_can.o
CAN_Sleep                                         Libraries\STM32F4xx_StdPeriph_Driver\src\stm32f4xx_can.o
CAN_StructInit                                    Libraries\STM32F4xx_StdPeriph_Driver\src\stm32f4xx_can.o
CAN_TASK                                          src\CAN.o
                                                  src\TaskHandler.o
CAN_TTComModeCmd                                  Libraries\STM32F4xx_StdPeriph_Driver\src\stm32f4xx_can.o
CAN_Transmit                                      Libraries\STM32F4xx_StdPeriph_Driver\src\stm32f4xx_can.o
                                                  src\CAN.o
CAN_TransmitStatus                                Libraries\STM32F4xx_StdPeriph_Driver\src\stm32f4xx_can.o
CAN_WakeUp                                        Libraries\STM32F4xx_StdPeriph_Driver\src\stm32f4xx_can.o
CODECTimeout                                      Utilities\STM32F4-Discovery\stm32f4_discovery_audio_codec.o
CRC_CalcBlockCRC                                  Libraries\STM32F4xx_StdPeriph_Driver\src\stm32f4xx_crc.o
CRC_CalcCRC                                       Libraries\STM32F4xx_StdPeriph_Driver\src\stm32f4xx_crc.o
CRC_GetCRC                                        Libraries\STM32F4xx_StdPeriph_Driver\src\stm32f4xx_crc.o
CRC_GetIDRegister                                 Libraries\STM32F4xx_StdPeriph_Driver\src\stm32f4xx_crc.o
CRC_ResetDR                                       Libraries\STM32F4xx_StdPeriph_Driver\src\stm32f4xx_crc.o
CRC_SetIDRegister                                 Libraries\STM32F4xx_StdPeriph_Driver\src\stm32f4xx_crc.o
CRYP_AES_CBC                                      Libraries\STM32F4xx_StdPeriph_Driver\src\stm32f4xx_cryp_aes.o
CRYP_AES_CCM                                      Libraries\STM32F4xx_StdPeriph_Driver\src\stm32f4xx_cryp_aes.o
CRYP_AES_CTR                                      Libraries\STM32F4xx_StdPeriph_Driver\src\stm32f4xx_cryp_aes.o
CRYP_AES_ECB                                      Libraries\STM32F4xx_StdPeriph_Driver\src\stm32f4xx_cryp_aes.o
CRYP_AES_GCM                                      Libraries\STM32F4xx_StdPeriph_Driver\src\stm32f4xx_cryp_aes.o
CRYP_Cmd                                          Libraries\STM32F4xx_StdPeriph_Driver\src\stm32f4xx_cryp.o
                                                  Libraries\STM32F4xx_StdPeriph_Driver\src\stm32f4xx_cryp_aes.o
                                                  Libraries\STM32F4xx_StdPeriph_Driver\src\stm32f4xx_cryp_des.o
                                                  Libraries\STM32F4xx_StdPeriph_Driver\src\stm32f4xx_cryp_tdes.o
CRYP_DES_CBC                                      Libraries\STM32F4xx_StdPeriph_Driver\src\stm32f4xx_cryp_des.o
CRYP_DES_ECB                                      Libraries\STM32F4xx_StdPeriph_Driver\src\stm32f4xx_cryp_des.o
CRYP_DMACmd                                       Libraries\STM32F4xx_StdPeriph_Driver\src\stm32f4xx_cryp.o
CRYP_DataIn                                       Libraries\STM32F4xx_StdPeriph_Driver\src\stm32f4xx_cryp.o
                                                  Libraries\STM32F4xx_StdPeriph_Driver\src\stm32f4xx_cryp_aes.o
                                                  Libraries\STM32F4xx_StdPeriph_Driver\src\stm32f4xx_cryp_des.o
                                                  Libraries\STM32F4xx_StdPeriph_Driver\src\stm32f4xx_cryp_tdes.o
CRYP_DataOut                                      Libraries\STM32F4xx_StdPeriph_Driver\src\stm32f4xx_cryp.o
                                                  Libraries\STM32F4xx_StdPeriph_Driver\src\stm32f4xx_cryp_aes.o
                                                  Libraries\STM32F4xx_StdPeriph_Driver\src\stm32f4xx_cryp_des.o
                                                  Libraries\STM32F4xx_StdPeriph_Driver\src\stm32f4xx_cryp_tdes.o
CRYP_DeInit                                       Libraries\STM32F4xx_StdPeriph_Driver\src\stm32f4xx_cryp.o
CRYP_FIFOFlush                                    Libraries\STM32F4xx_StdPeriph_Driver\src\stm32f4xx_cryp.o
                                                  Libraries\STM32F4xx_StdPeriph_Driver\src\stm32f4xx_cryp_aes.o
                                                  Libraries\STM32F4xx_StdPeriph_Driver\src\stm32f4xx_cryp_des.o
                                                  Libraries\STM32F4xx_StdPeriph_Driver\src\stm32f4xx_cryp_tdes.o
CRYP_GetCmdStatus                                 Libraries\STM32F4xx_StdPeriph_Driver\src\stm32f4xx_cryp.o
                                                  Libraries\STM32F4xx_StdPeriph_Driver\src\stm32f4xx_cryp_aes.o
                                                  Libraries\STM32F4xx_StdPeriph_Driver\src\stm32f4xx_cryp_des.o
                                                  Libraries\STM32F4xx_StdPeriph_Driver\src\stm32f4xx_cryp_tdes.o
CRYP_GetFlagStatus                                Libraries\STM32F4xx_StdPeriph_Driver\src\stm32f4xx_cryp.o
                                                  Libraries\STM32F4xx_StdPeriph_Driver\src\stm32f4xx_cryp_aes.o
                                                  Libraries\STM32F4xx_StdPeriph_Driver\src\stm32f4xx_cryp_des.o
                                                  Libraries\STM32F4xx_StdPeriph_Driver\src\stm32f4xx_cryp_tdes.o
CRYP_GetITStatus                                  Libraries\STM32F4xx_StdPeriph_Driver\src\stm32f4xx_cryp.o
CRYP_IRQHandler                                   src\startup_stm32f40xx.o
CRYP_ITConfig                                     Libraries\STM32F4xx_StdPeriph_Driver\src\stm32f4xx_cryp.o
CRYP_IVInit                                       Libraries\STM32F4xx_StdPeriph_Driver\src\stm32f4xx_cryp.o
                                                  Libraries\STM32F4xx_StdPeriph_Driver\src\stm32f4xx_cryp_aes.o
                                                  Libraries\STM32F4xx_StdPeriph_Driver\src\stm32f4xx_cryp_des.o
                                                  Libraries\STM32F4xx_StdPeriph_Driver\src\stm32f4xx_cryp_tdes.o
CRYP_IVStructInit                                 Libraries\STM32F4xx_StdPeriph_Driver\src\stm32f4xx_cryp.o
CRYP_Init                                         Libraries\STM32F4xx_StdPeriph_Driver\src\stm32f4xx_cryp.o
                                                  Libraries\STM32F4xx_StdPeriph_Driver\src\stm32f4xx_cryp_aes.o
                                                  Libraries\STM32F4xx_StdPeriph_Driver\src\stm32f4xx_cryp_des.o
                                                  Libraries\STM32F4xx_StdPeriph_Driver\src\stm32f4xx_cryp_tdes.o
CRYP_KeyInit                                      Libraries\STM32F4xx_StdPeriph_Driver\src\stm32f4xx_cryp.o
                                                  Libraries\STM32F4xx_StdPeriph_Driver\src\stm32f4xx_cryp_aes.o
                                                  Libraries\STM32F4xx_StdPeriph_Driver\src\stm32f4xx_cryp_des.o
                                                  Libraries\STM32F4xx_StdPeriph_Driver\src\stm32f4xx_cryp_tdes.o
CRYP_KeyStructInit                                Libraries\STM32F4xx_StdPeriph_Driver\src\stm32f4xx_cryp.o
                                                  Libraries\STM32F4xx_StdPeriph_Driver\src\stm32f4xx_cryp_aes.o
                                                  Libraries\STM32F4xx_StdPeriph_Driver\src\stm32f4xx_cryp_des.o
                                                  Libraries\STM32F4xx_StdPeriph_Driver\src\stm32f4xx_cryp_tdes.o
CRYP_PhaseConfig                                  Libraries\STM32F4xx_StdPeriph_Driver\src\stm32f4xx_cryp.o
                                                  Libraries\STM32F4xx_StdPeriph_Driver\src\stm32f4xx_cryp_aes.o
CRYP_RestoreContext                               Libraries\STM32F4xx_StdPeriph_Driver\src\stm32f4xx_cryp.o
CRYP_SaveContext                                  Libraries\STM32F4xx_StdPeriph_Driver\src\stm32f4xx_cryp.o
CRYP_StructInit                                   Libraries\STM32F4xx_StdPeriph_Driver\src\stm32f4xx_cryp.o
CRYP_TDES_CBC                                     Libraries\STM32F4xx_StdPeriph_Driver\src\stm32f4xx_cryp_tdes.o
CRYP_TDES_ECB                                     Libraries\STM32F4xx_StdPeriph_Driver\src\stm32f4xx_cryp_tdes.o
Codec_TIMEOUT_UserCallback                        Utilities\STM32F4-Discovery\stm32f4_discovery_audio_codec.o
CurrAudioInterface                                Utilities\STM32F4-Discovery\stm32f4_discovery_audio_codec.o
CurrentPos                                        Utilities\STM32F4-Discovery\stm32f4_discovery_audio_codec.o
DAC_ClearFlag                                     Libraries\STM32F4xx_StdPeriph_Driver\src\stm32f4xx_dac.o
DAC_ClearITPendingBit                             Libraries\STM32F4xx_StdPeriph_Driver\src\stm32f4xx_dac.o
DAC_Cmd                                           Libraries\STM32F4xx_StdPeriph_Driver\src\stm32f4xx_dac.o
                                                  Utilities\STM32F4-Discovery\stm32f4_discovery_audio_codec.o
DAC_Config                                        Utilities\STM32F4-Discovery\stm32f4_discovery_audio_codec.o
DAC_DMACmd                                        Libraries\STM32F4xx_StdPeriph_Driver\src\stm32f4xx_dac.o
DAC_DeInit                                        Libraries\STM32F4xx_StdPeriph_Driver\src\stm32f4xx_dac.o
DAC_DualSoftwareTriggerCmd                        Libraries\STM32F4xx_StdPeriph_Driver\src\stm32f4xx_dac.o
DAC_GetDataOutputValue                            Libraries\STM32F4xx_StdPeriph_Driver\src\stm32f4xx_dac.o
DAC_GetFlagStatus                                 Libraries\STM32F4xx_StdPeriph_Driver\src\stm32f4xx_dac.o
DAC_GetITStatus                                   Libraries\STM32F4xx_StdPeriph_Driver\src\stm32f4xx_dac.o
DAC_ITConfig                                      Libraries\STM32F4xx_StdPeriph_Driver\src\stm32f4xx_dac.o
DAC_Init                                          Libraries\STM32F4xx_StdPeriph_Driver\src\stm32f4xx_dac.o
                                                  Utilities\STM32F4-Discovery\stm32f4_discovery_audio_codec.o
DAC_SetChannel1Data                               Libraries\STM32F4xx_StdPeriph_Driver\src\stm32f4xx_dac.o
                                                  Utilities\STM32F4-Discovery\stm32f4_discovery_audio_codec.o
DAC_SetChannel2Data                               Libraries\STM32F4xx_StdPeriph_Driver\src\stm32f4xx_dac.o
DAC_SetDualChannelData                            Libraries\STM32F4xx_StdPeriph_Driver\src\stm32f4xx_dac.o
DAC_SoftwareTriggerCmd                            Libraries\STM32F4xx_StdPeriph_Driver\src\stm32f4xx_dac.o
DAC_StructInit                                    Libraries\STM32F4xx_StdPeriph_Driver\src\stm32f4xx_dac.o
DAC_WaveGenerationCmd                             Libraries\STM32F4xx_StdPeriph_Driver\src\stm32f4xx_dac.o
DBGMCU_APB1PeriphConfig                           Libraries\STM32F4xx_StdPeriph_Driver\src\stm32f4xx_dbgmcu.o
DBGMCU_APB2PeriphConfig                           Libraries\STM32F4xx_StdPeriph_Driver\src\stm32f4xx_dbgmcu.o
DBGMCU_Config                                     Libraries\STM32F4xx_StdPeriph_Driver\src\stm32f4xx_dbgmcu.o
DBGMCU_GetDEVID                                   Libraries\STM32F4xx_StdPeriph_Driver\src\stm32f4xx_dbgmcu.o
DBGMCU_GetREVID                                   Libraries\STM32F4xx_StdPeriph_Driver\src\stm32f4xx_dbgmcu.o
DCMI_CROPCmd                                      Libraries\STM32F4xx_StdPeriph_Driver\src\stm32f4xx_dcmi.o
DCMI_CROPConfig                                   Libraries\STM32F4xx_StdPeriph_Driver\src\stm32f4xx_dcmi.o
DCMI_CaptureCmd                                   Libraries\STM32F4xx_StdPeriph_Driver\src\stm32f4xx_dcmi.o
DCMI_ClearFlag                                    Libraries\STM32F4xx_StdPeriph_Driver\src\stm32f4xx_dcmi.o
DCMI_ClearITPendingBit                            Libraries\STM32F4xx_StdPeriph_Driver\src\stm32f4xx_dcmi.o
DCMI_Cmd                                          Libraries\STM32F4xx_StdPeriph_Driver\src\stm32f4xx_dcmi.o
DCMI_DeInit                                       Libraries\STM32F4xx_StdPeriph_Driver\src\stm32f4xx_dcmi.o
DCMI_GetFlagStatus                                Libraries\STM32F4xx_StdPeriph_Driver\src\stm32f4xx_dcmi.o
DCMI_GetITStatus                                  Libraries\STM32F4xx_StdPeriph_Driver\src\stm32f4xx_dcmi.o
DCMI_IRQHandler                                   src\startup_stm32f40xx.o
DCMI_ITConfig                                     Libraries\STM32F4xx_StdPeriph_Driver\src\stm32f4xx_dcmi.o
DCMI_Init                                         Libraries\STM32F4xx_StdPeriph_Driver\src\stm32f4xx_dcmi.o
DCMI_JPEGCmd                                      Libraries\STM32F4xx_StdPeriph_Driver\src\stm32f4xx_dcmi.o
DCMI_ReadData                                     Libraries\STM32F4xx_StdPeriph_Driver\src\stm32f4xx_dcmi.o
DCMI_SetEmbeddedSynchroCodes                      Libraries\STM32F4xx_StdPeriph_Driver\src\stm32f4xx_dcmi.o
DCMI_StructInit                                   Libraries\STM32F4xx_StdPeriph_Driver\src\stm32f4xx_dcmi.o
DL_getData                                        src\DataLayer.o
DL_getDataByComm                                  src\DataLayer.o
                                                  src\InterfaceHandler.o
DL_getDataType                                    src\DataLayer.o
                                                  src\InterfaceHandler.o
DL_peekData                                       src\DataLayer.o
DL_setData                                        src\DataLayer.o
DL_setDataByComm                                  src\DataLayer.o
DL_setDataValidity                                src\DataLayer.o
DMA1_Stream0_IRQHandler                           Utilities\STM32F4-Discovery\stm32f4_discovery_audio_codec.o
                                                  src\startup_stm32f40xx.o
DMA1_Stream1_IRQHandler                           src\startup_stm32f40xx.o
DMA1_Stream2_IRQHandler                           src\startup_stm32f40xx.o
DMA1_Stream3_IRQHandler                           src\startup_stm32f40xx.o
DMA1_Stream4_IRQHandler                           src\startup_stm32f40xx.o
DMA1_Stream5_IRQHandler                           src\startup_stm32f40xx.o
DMA1_Stream6_IRQHandler                           src\startup_stm32f40xx.o
DMA1_Stream7_IRQHandler                           Utilities\STM32F4-Discovery\stm32f4_discovery_audio_codec.o
                                                  src\startup_stm32f40xx.o
DMA2_Stream0_IRQHandler                           src\startup_stm32f40xx.o
DMA2_Stream1_IRQHandler                           src\startup_stm32f40xx.o
DMA2_Stream2_IRQHandler                           src\startup_stm32f40xx.o
DMA2_Stream3_IRQHandler                           src\startup_stm32f40xx.o
DMA2_Stream4_IRQHandler                           src\startup_stm32f40xx.o
DMA2_Stream5_IRQHandler                           src\startup_stm32f40xx.o
DMA2_Stream6_IRQHandler                           src\startup_stm32f40xx.o
DMA2_Stream7_IRQHandler                           src\startup_stm32f40xx.o
DMA_ClearFlag                                     Libraries\STM32F4xx_StdPeriph_Driver\src\stm32f4xx_dma.o
                                                  Utilities\STM32F4-Discovery\stm32f4_discovery_audio_codec.o
DMA_ClearITPendingBit                             Libraries\STM32F4xx_StdPeriph_Driver\src\stm32f4xx_dma.o
DMA_Cmd                                           Libraries\STM32F4xx_StdPeriph_Driver\src\stm32f4xx_dma.o
                                                  Utilities\STM32F4-Discovery\stm32f4_discovery_audio_codec.o
DMA_DeInit                                        Libraries\STM32F4xx_StdPeriph_Driver\src\stm32f4xx_dma.o
                                                  Utilities\STM32F4-Discovery\stm32f4_discovery_audio_codec.o
DMA_DoubleBufferModeCmd                           Libraries\STM32F4xx_StdPeriph_Driver\src\stm32f4xx_dma.o
DMA_DoubleBufferModeConfig                        Libraries\STM32F4xx_StdPeriph_Driver\src\stm32f4xx_dma.o
DMA_FlowControllerConfig                          Libraries\STM32F4xx_StdPeriph_Driver\src\stm32f4xx_dma.o
DMA_GetCmdStatus                                  Libraries\STM32F4xx_StdPeriph_Driver\src\stm32f4xx_dma.o
                                                  Utilities\STM32F4-Discovery\stm32f4_discovery_audio_codec.o
DMA_GetCurrDataCounter                            Libraries\STM32F4xx_StdPeriph_Driver\src\stm32f4xx_dma.o
DMA_GetCurrentMemoryTarget                        Libraries\STM32F4xx_StdPeriph_Driver\src\stm32f4xx_dma.o
DMA_GetFIFOStatus                                 Libraries\STM32F4xx_StdPeriph_Driver\src\stm32f4xx_dma.o
DMA_GetFlagStatus                                 Libraries\STM32F4xx_StdPeriph_Driver\src\stm32f4xx_dma.o
                                                  Utilities\STM32F4-Discovery\stm32f4_discovery_audio_codec.o
DMA_GetITStatus                                   Libraries\STM32F4xx_StdPeriph_Driver\src\stm32f4xx_dma.o
DMA_ITConfig                                      Libraries\STM32F4xx_StdPeriph_Driver\src\stm32f4xx_dma.o
                                                  Utilities\STM32F4-Discovery\stm32f4_discovery_audio_codec.o
DMA_Init                                          Libraries\STM32F4xx_StdPeriph_Driver\src\stm32f4xx_dma.o
                                                  Utilities\STM32F4-Discovery\stm32f4_discovery_audio_codec.o
DMA_InitStructure                                 Utilities\STM32F4-Discovery\stm32f4_discovery_audio_codec.o
DMA_MemoryTargetConfig                            Libraries\STM32F4xx_StdPeriph_Driver\src\stm32f4xx_dma.o
DMA_PeriphIncOffsetSizeConfig                     Libraries\STM32F4xx_StdPeriph_Driver\src\stm32f4xx_dma.o
DMA_SetCurrDataCounter                            Libraries\STM32F4xx_StdPeriph_Driver\src\stm32f4xx_dma.o
DMA_StructInit                                    Libraries\STM32F4xx_StdPeriph_Driver\src\stm32f4xx_dma.o
DebugMon_Handler                                  src\stm32f4xx_it.o
Default_Handler                                   src\startup_stm32f40xx.o
ETH_IRQHandler                                    src\startup_stm32f40xx.o
ETH_WKUP_IRQHandler                               src\startup_stm32f40xx.o
EVAL_AUDIO_DeInit                                 Utilities\STM32F4-Discovery\stm32f4_discovery_audio_codec.o
EVAL_AUDIO_GetSampleCallBack                      src\main.o
                                                  Utilities\STM32F4-Discovery\stm32f4_discovery_audio_codec.o
EVAL_AUDIO_Init                                   Utilities\STM32F4-Discovery\stm32f4_discovery_audio_codec.o
EVAL_AUDIO_Mute                                   Utilities\STM32F4-Discovery\stm32f4_discovery_audio_codec.o
EVAL_AUDIO_PauseResume                            Utilities\STM32F4-Discovery\stm32f4_discovery_audio_codec.o
EVAL_AUDIO_Play                                   Utilities\STM32F4-Discovery\stm32f4_discovery_audio_codec.o
EVAL_AUDIO_SetAudioInterface                      Utilities\STM32F4-Discovery\stm32f4_discovery_audio_codec.o
EVAL_AUDIO_Stop                                   Utilities\STM32F4-Discovery\stm32f4_discovery_audio_codec.o
EVAL_AUDIO_TransferComplete_CallBack              src\main.o
                                                  Utilities\STM32F4-Discovery\stm32f4_discovery_audio_codec.o
EVAL_AUDIO_VolumeCtl                              Utilities\STM32F4-Discovery\stm32f4_discovery_audio_codec.o
EXTI0_IRQHandler                                  src\startup_stm32f40xx.o
EXTI15_10_IRQHandler                              src\startup_stm32f40xx.o
EXTI1_IRQHandler                                  src\startup_stm32f40xx.o
EXTI2_IRQHandler                                  src\startup_stm32f40xx.o
EXTI3_IRQHandler                                  src\startup_stm32f40xx.o
EXTI4_IRQHandler                                  src\startup_stm32f40xx.o
EXTI9_5_IRQHandler                                src\startup_stm32f40xx.o
EXTI_ClearFlag                                    Libraries\STM32F4xx_StdPeriph_Driver\src\stm32f4xx_exti.o
EXTI_ClearITPendingBit                            Libraries\STM32F4xx_StdPeriph_Driver\src\stm32f4xx_exti.o
EXTI_DeInit                                       Libraries\STM32F4xx_StdPeriph_Driver\src\stm32f4xx_exti.o
EXTI_GenerateSWInterrupt                          Libraries\STM32F4xx_StdPeriph_Driver\src\stm32f4xx_exti.o
EXTI_GetFlagStatus                                Libraries\STM32F4xx_StdPeriph_Driver\src\stm32f4xx_exti.o
EXTI_GetITStatus                                  Libraries\STM32F4xx_StdPeriph_Driver\src\stm32f4xx_exti.o
EXTI_Init                                         Libraries\STM32F4xx_StdPeriph_Driver\src\stm32f4xx_exti.o
                                                  Utilities\STM32F4-Discovery\stm32f4_discovery.o
EXTI_StructInit                                   Libraries\STM32F4xx_StdPeriph_Driver\src\stm32f4xx_exti.o
FLASH_ClearFlag                                   Libraries\STM32F4xx_StdPeriph_Driver\src\stm32f4xx_flash.o
FLASH_DataCacheCmd                                Libraries\STM32F4xx_StdPeriph_Driver\src\stm32f4xx_flash.o
FLASH_DataCacheReset                              Libraries\STM32F4xx_StdPeriph_Driver\src\stm32f4xx_flash.o
FLASH_EraseAllSectors                             Libraries\STM32F4xx_StdPeriph_Driver\src\stm32f4xx_flash.o
FLASH_EraseSector                                 Libraries\STM32F4xx_StdPeriph_Driver\src\stm32f4xx_flash.o
FLASH_GetFlagStatus                               Libraries\STM32F4xx_StdPeriph_Driver\src\stm32f4xx_flash.o
FLASH_GetStatus                                   Libraries\STM32F4xx_StdPeriph_Driver\src\stm32f4xx_flash.o
FLASH_IRQHandler                                  src\startup_stm32f40xx.o
FLASH_ITConfig                                    Libraries\STM32F4xx_StdPeriph_Driver\src\stm32f4xx_flash.o
FLASH_InstructionCacheCmd                         Libraries\STM32F4xx_StdPeriph_Driver\src\stm32f4xx_flash.o
FLASH_InstructionCacheReset                       Libraries\STM32F4xx_StdPeriph_Driver\src\stm32f4xx_flash.o
FLASH_Lock                                        Libraries\STM32F4xx_StdPeriph_Driver\src\stm32f4xx_flash.o
FLASH_OB_BORConfig                                Libraries\STM32F4xx_StdPeriph_Driver\src\stm32f4xx_flash.o
FLASH_OB_GetBOR                                   Libraries\STM32F4xx_StdPeriph_Driver\src\stm32f4xx_flash.o
FLASH_OB_GetRDP                                   Libraries\STM32F4xx_StdPeriph_Driver\src\stm32f4xx_flash.o
FLASH_OB_GetUser                                  Libraries\STM32F4xx_StdPeriph_Driver\src\stm32f4xx_flash.o
FLASH_OB_GetWRP                                   Libraries\STM32F4xx_StdPeriph_Driver\src\stm32f4xx_flash.o
FLASH_OB_GetWRP1                                  Libraries\STM32F4xx_StdPeriph_Driver\src\stm32f4xx_flash.o
FLASH_OB_Launch                                   Libraries\STM32F4xx_StdPeriph_Driver\src\stm32f4xx_flash.o
FLASH_OB_Lock                                     Libraries\STM32F4xx_StdPeriph_Driver\src\stm32f4xx_flash.o
FLASH_OB_RDPConfig                                Libraries\STM32F4xx_StdPeriph_Driver\src\stm32f4xx_flash.o
FLASH_OB_Unlock                                   Libraries\STM32F4xx_StdPeriph_Driver\src\stm32f4xx_flash.o
FLASH_OB_UserConfig                               Libraries\STM32F4xx_StdPeriph_Driver\src\stm32f4xx_flash.o
FLASH_OB_WRP1Config                               Libraries\STM32F4xx_StdPeriph_Driver\src\stm32f4xx_flash.o
FLASH_OB_WRPConfig                                Libraries\STM32F4xx_StdPeriph_Driver\src\stm32f4xx_flash.o
FLASH_PrefetchBufferCmd                           Libraries\STM32F4xx_StdPeriph_Driver\src\stm32f4xx_flash.o
FLASH_ProgramByte                                 Libraries\STM32F4xx_StdPeriph_Driver\src\stm32f4xx_flash.o
FLASH_ProgramDoubleWord                           Libraries\STM32F4xx_StdPeriph_Driver\src\stm32f4xx_flash.o
FLASH_ProgramHalfWord                             Libraries\STM32F4xx_StdPeriph_Driver\src\stm32f4xx_flash.o
FLASH_ProgramWord                                 Libraries\STM32F4xx_StdPeriph_Driver\src\stm32f4xx_flash.o
FLASH_SetLatency                                  Libraries\STM32F4xx_StdPeriph_Driver\src\stm32f4xx_flash.o
FLASH_Unlock                                      Libraries\STM32F4xx_StdPeriph_Driver\src\stm32f4xx_flash.o
FLASH_WaitForLastOperation                        Libraries\STM32F4xx_StdPeriph_Driver\src\stm32f4xx_flash.o
FPU_IRQHandler                                    src\startup_stm32f40xx.o
FSMC_ClearFlag                                    Libraries\STM32F4xx_StdPeriph_Driver\src\stm32f4xx_fsmc.o
FSMC_ClearITPendingBit                            Libraries\STM32F4xx_StdPeriph_Driver\src\stm32f4xx_fsmc.o
FSMC_GetECC                                       Libraries\STM32F4xx_StdPeriph_Driver\src\stm32f4xx_fsmc.o
FSMC_GetFlagStatus                                Libraries\STM32F4xx_StdPeriph_Driver\src\stm32f4xx_fsmc.o
FSMC_GetITStatus                                  Libraries\STM32F4xx_StdPeriph_Driver\src\stm32f4xx_fsmc.o
FSMC_IRQHandler                                   src\startup_stm32f40xx.o
FSMC_ITConfig                                     Libraries\STM32F4xx_StdPeriph_Driver\src\stm32f4xx_fsmc.o
FSMC_NANDCmd                                      Libraries\STM32F4xx_StdPeriph_Driver\src\stm32f4xx_fsmc.o
FSMC_NANDDeInit                                   Libraries\STM32F4xx_StdPeriph_Driver\src\stm32f4xx_fsmc.o
FSMC_NANDECCCmd                                   Libraries\STM32F4xx_StdPeriph_Driver\src\stm32f4xx_fsmc.o
FSMC_NANDInit                                     Libraries\STM32F4xx_StdPeriph_Driver\src\stm32f4xx_fsmc.o
FSMC_NANDStructInit                               Libraries\STM32F4xx_StdPeriph_Driver\src\stm32f4xx_fsmc.o
FSMC_NORSRAMCmd                                   Libraries\STM32F4xx_StdPeriph_Driver\src\stm32f4xx_fsmc.o
FSMC_NORSRAMDeInit                                Libraries\STM32F4xx_StdPeriph_Driver\src\stm32f4xx_fsmc.o
FSMC_NORSRAMInit                                  Libraries\STM32F4xx_StdPeriph_Driver\src\stm32f4xx_fsmc.o
FSMC_NORSRAMStructInit                            Libraries\STM32F4xx_StdPeriph_Driver\src\stm32f4xx_fsmc.o
FSMC_PCCARDCmd                                    Libraries\STM32F4xx_StdPeriph_Driver\src\stm32f4xx_fsmc.o
FSMC_PCCARDDeInit                                 Libraries\STM32F4xx_StdPeriph_Driver\src\stm32f4xx_fsmc.o
FSMC_PCCARDInit                                   Libraries\STM32F4xx_StdPeriph_Driver\src\stm32f4xx_fsmc.o
FSMC_PCCARDStructInit                             Libraries\STM32F4xx_StdPeriph_Driver\src\stm32f4xx_fsmc.o
GPIO_CLK                                          Utilities\STM32F4-Discovery\stm32f4_discovery.o
GPIO_DeInit                                       Libraries\STM32F4xx_StdPeriph_Driver\src\stm32f4xx_gpio.o
GPIO_Init                                         Libraries\STM32F4xx_StdPeriph_Driver\src\stm32f4xx_gpio.o
                                                  Utilities\STM32F4-Discovery\stm32f4_discovery.o
                                                  Utilities\STM32F4-Discovery\stm32f4_discovery_audio_codec.o
                                                  Utilities\STM32F4-Discovery\stm32f4_discovery_lis302dl.o
                                                  src\CAN.o
                                                  src\GPIO.o
                                                  src\Vision.o
GPIO_PIN                                          Utilities\STM32F4-Discovery\stm32f4_discovery.o
GPIO_PORT                                         Utilities\STM32F4-Discovery\stm32f4_discovery.o
GPIO_PinAFConfig                                  Libraries\STM32F4xx_StdPeriph_Driver\src\stm32f4xx_gpio.o
                                                  Utilities\STM32F4-Discovery\stm32f4_discovery_audio_codec.o
                                                  Utilities\STM32F4-Discovery\stm32f4_discovery_lis302dl.o
                                                  src\CAN.o
                                                  src\Vision.o
GPIO_PinLockConfig                                Libraries\STM32F4xx_StdPeriph_Driver\src\stm32f4xx_gpio.o
GPIO_ReadInputData                                Libraries\STM32F4xx_StdPeriph_Driver\src\stm32f4xx_gpio.o
GPIO_ReadInputDataBit                             Libraries\STM32F4xx_StdPeriph_Driver\src\stm32f4xx_gpio.o
                                                  Utilities\STM32F4-Discovery\stm32f4_discovery.o
GPIO_ReadOutputData                               Libraries\STM32F4xx_StdPeriph_Driver\src\stm32f4xx_gpio.o
GPIO_ReadOutputDataBit                            Libraries\STM32F4xx_StdPeriph_Driver\src\stm32f4xx_gpio.o
GPIO_ResetBits                                    Libraries\STM32F4xx_StdPeriph_Driver\src\stm32f4xx_gpio.o
                                                  Utilities\STM32F4-Discovery\stm32f4_discovery_lis302dl.o
GPIO_SetBits                                      Libraries\STM32F4xx_StdPeriph_Driver\src\stm32f4xx_gpio.o
                                                  Utilities\STM32F4-Discovery\stm32f4_discovery_lis302dl.o
GPIO_StructInit                                   Libraries\STM32F4xx_StdPeriph_Driver\src\stm32f4xx_gpio.o
GPIO_TASK_blinkLED                                src\GPIO.o
                                                  src\TaskHandler.o
GPIO_ToggleBits                                   Libraries\STM32F4xx_StdPeriph_Driver\src\stm32f4xx_gpio.o
GPIO_Write                                        Libraries\STM32F4xx_StdPeriph_Driver\src\stm32f4xx_gpio.o
GPIO_WriteBit                                     Libraries\STM32F4xx_StdPeriph_Driver\src\stm32f4xx_gpio.o
                                                  Utilities\STM32F4-Discovery\stm32f4_discovery_audio_codec.o
GPIO_init                                         src\GPIO.o
                                                  src\TaskHandler.o
GPIO_inputValue                                   src\GPIO.o
GPIO_outputOff                                    src\GPIO.o
GPIO_outputOn                                     src\GPIO.o
GPIO_table                                        src\GPIO.o
                                                  src\CAN.o
HASH_AutoStartDigest                              Libraries\STM32F4xx_StdPeriph_Driver\src\stm32f4xx_hash.o
HASH_ClearFlag                                    Libraries\STM32F4xx_StdPeriph_Driver\src\stm32f4xx_hash.o
HASH_ClearITPendingBit                            Libraries\STM32F4xx_StdPeriph_Driver\src\stm32f4xx_hash.o
HASH_DMACmd                                       Libraries\STM32F4xx_StdPeriph_Driver\src\stm32f4xx_hash.o
HASH_DataIn                                       Libraries\STM32F4xx_StdPeriph_Driver\src\stm32f4xx_hash.o
                                                  Libraries\STM32F4xx_StdPeriph_Driver\src\stm32f4xx_hash_md5.o
                                                  Libraries\STM32F4xx_StdPeriph_Driver\src\stm32f4xx_hash_sha1.o
HASH_DeInit                                       Libraries\STM32F4xx_StdPeriph_Driver\src\stm32f4xx_hash.o
                                                  Libraries\STM32F4xx_StdPeriph_Driver\src\stm32f4xx_hash_md5.o
                                                  Libraries\STM32F4xx_StdPeriph_Driver\src\stm32f4xx_hash_sha1.o
HASH_GetDigest                                    Libraries\STM32F4xx_StdPeriph_Driver\src\stm32f4xx_hash.o
                                                  Libraries\STM32F4xx_StdPeriph_Driver\src\stm32f4xx_hash_md5.o
                                                  Libraries\STM32F4xx_StdPeriph_Driver\src\stm32f4xx_hash_sha1.o
HASH_GetFlagStatus                                Libraries\STM32F4xx_StdPeriph_Driver\src\stm32f4xx_hash.o
                                                  Libraries\STM32F4xx_StdPeriph_Driver\src\stm32f4xx_hash_md5.o
                                                  Libraries\STM32F4xx_StdPeriph_Driver\src\stm32f4xx_hash_sha1.o
HASH_GetITStatus                                  Libraries\STM32F4xx_StdPeriph_Driver\src\stm32f4xx_hash.o
HASH_GetInFIFOWordsNbr                            Libraries\STM32F4xx_StdPeriph_Driver\src\stm32f4xx_hash.o
HASH_ITConfig                                     Libraries\STM32F4xx_StdPeriph_Driver\src\stm32f4xx_hash.o
HASH_Init                                         Libraries\STM32F4xx_StdPeriph_Driver\src\stm32f4xx_hash.o
                                                  Libraries\STM32F4xx_StdPeriph_Driver\src\stm32f4xx_hash_md5.o
                                                  Libraries\STM32F4xx_StdPeriph_Driver\src\stm32f4xx_hash_sha1.o
HASH_MD5                                          Libraries\STM32F4xx_StdPeriph_Driver\src\stm32f4xx_hash_md5.o
HASH_RNG_IRQHandler                               src\startup_stm32f40xx.o
HASH_Reset                                        Libraries\STM32F4xx_StdPeriph_Driver\src\stm32f4xx_hash.o
HASH_RestoreContext                               Libraries\STM32F4xx_StdPeriph_Driver\src\stm32f4xx_hash.o
HASH_SHA1                                         Libraries\STM32F4xx_StdPeriph_Driver\src\stm32f4xx_hash_sha1.o
HASH_SaveContext                                  Libraries\STM32F4xx_StdPeriph_Driver\src\stm32f4xx_hash.o
HASH_SetLastWordValidBitsNbr                      Libraries\STM32F4xx_StdPeriph_Driver\src\stm32f4xx_hash.o
                                                  Libraries\STM32F4xx_StdPeriph_Driver\src\stm32f4xx_hash_md5.o
                                                  Libraries\STM32F4xx_StdPeriph_Driver\src\stm32f4xx_hash_sha1.o
HASH_StartDigest                                  Libraries\STM32F4xx_StdPeriph_Driver\src\stm32f4xx_hash.o
                                                  Libraries\STM32F4xx_StdPeriph_Driver\src\stm32f4xx_hash_md5.o
                                                  Libraries\STM32F4xx_StdPeriph_Driver\src\stm32f4xx_hash_sha1.o
HASH_StructInit                                   Libraries\STM32F4xx_StdPeriph_Driver\src\stm32f4xx_hash.o
HMAC_MD5                                          Libraries\STM32F4xx_StdPeriph_Driver\src\stm32f4xx_hash_md5.o
HMAC_SHA1                                         Libraries\STM32F4xx_StdPeriph_Driver\src\stm32f4xx_hash_sha1.o
HardFault_Handler                                 src\stm32f4xx_it.o
I2C1_ER_IRQHandler                                src\startup_stm32f40xx.o
I2C1_EV_IRQHandler                                src\startup_stm32f40xx.o
I2C2_ER_IRQHandler                                src\startup_stm32f40xx.o
I2C2_EV_IRQHandler                                src\startup_stm32f40xx.o
I2C3_ER_IRQHandler                                src\startup_stm32f40xx.o
I2C3_EV_IRQHandler                                src\startup_stm32f40xx.o
I2C_ARPCmd                                        Libraries\STM32F4xx_StdPeriph_Driver\src\stm32f4xx_i2c.o
I2C_AcknowledgeConfig                             Libraries\STM32F4xx_StdPeriph_Driver\src\stm32f4xx_i2c.o
                                                  Utilities\STM32F4-Discovery\stm32f4_discovery_audio_codec.o
                                                  src\Vision.o
I2C_AnalogFilterCmd                               Libraries\STM32F4xx_StdPeriph_Driver\src\stm32f4xx_i2c.o
I2C_CalculatePEC                                  Libraries\STM32F4xx_StdPeriph_Driver\src\stm32f4xx_i2c.o
I2C_CheckEvent                                    Libraries\STM32F4xx_StdPeriph_Driver\src\stm32f4xx_i2c.o
                                                  Utilities\STM32F4-Discovery\stm32f4_discovery_audio_codec.o
                                                  src\Vision.o
I2C_ClearFlag                                     Libraries\STM32F4xx_StdPeriph_Driver\src\stm32f4xx_i2c.o
                                                  Utilities\STM32F4-Discovery\stm32f4_discovery_audio_codec.o
I2C_ClearITPendingBit                             Libraries\STM32F4xx_StdPeriph_Driver\src\stm32f4xx_i2c.o
I2C_Cmd                                           Libraries\STM32F4xx_StdPeriph_Driver\src\stm32f4xx_i2c.o
                                                  Utilities\STM32F4-Discovery\stm32f4_discovery_audio_codec.o